[0.021s] Invoking command in '/home/epriauto/ros2_ws/camera/zed-camera-wrapper/build/zed_ros2': AMENT_PREFIX_PATH=/home/epriauto/ros2_ws/camera/zed-camera-wrapper/install/zed_wrapper:/home/epriauto/ros2_ws/camera/zed-camera-wrapper/install/zed_components:${AMENT_PREFIX_PATH} CMAKE_PREFIX_PATH=/home/epriauto/ros2_ws/camera/zed-camera-wrapper/install/zed_wrapper:/home/epriauto/ros2_ws/camera/zed-camera-wrapper/install/zed_components:/opt/ros/humble LD_LIBRARY_PATH=/home/epriauto/ros2_ws/camera/zed-camera-wrapper/install/zed_components/lib:${LD_LIBRARY_PATH} /usr/bin/cmake /home/epriauto/ros2_ws/camera/zed-camera-wrapper/src/zed-ros2-wrapper/zed_ros2 -DCMAKE_BUILD_TYPE=Release -DAMENT_CMAKE_SYMLINK_INSTALL=1 -DCMAKE_INSTALL_PREFIX=/home/epriauto/ros2_ws/camera/zed-camera-wrapper/install/zed_ros2
[0.051s] -- Found ament_cmake_auto: 1.3.11 (/opt/ros/humble/share/ament_cmake_auto/cmake)
[0.457s] -- Found Python3: /usr/bin/python3 (found version "3.10.12") found components: Interpreter 
[0.601s] -- Override CMake install command with custom implementation using symlinks instead of copying resources
[0.815s] -- Found ament_lint_auto: 0.12.11 (/opt/ros/humble/share/ament_lint_auto/cmake)
[0.874s] -- Added test 'copyright' to check source files copyright and LICENSE
[0.877s] -- Added test 'lint_cmake' to check CMake code style
[0.880s] -- Added test 'xmllint' to check XML markup files
[0.883s] -- Configuring done
[0.898s] -- Generating done
[0.905s] -- Build files have been written to: /home/epriauto/ros2_ws/camera/zed-camera-wrapper/build/zed_ros2
[0.915s] Invoked command in '/home/epriauto/ros2_ws/camera/zed-camera-wrapper/build/zed_ros2' returned '0': AMENT_PREFIX_PATH=/home/epriauto/ros2_ws/camera/zed-camera-wrapper/install/zed_wrapper:/home/epriauto/ros2_ws/camera/zed-camera-wrapper/install/zed_components:${AMENT_PREFIX_PATH} CMAKE_PREFIX_PATH=/home/epriauto/ros2_ws/camera/zed-camera-wrapper/install/zed_wrapper:/home/epriauto/ros2_ws/camera/zed-camera-wrapper/install/zed_components:/opt/ros/humble LD_LIBRARY_PATH=/home/epriauto/ros2_ws/camera/zed-camera-wrapper/install/zed_components/lib:${LD_LIBRARY_PATH} /usr/bin/cmake /home/epriauto/ros2_ws/camera/zed-camera-wrapper/src/zed-ros2-wrapper/zed_ros2 -DCMAKE_BUILD_TYPE=Release -DAMENT_CMAKE_SYMLINK_INSTALL=1 -DCMAKE_INSTALL_PREFIX=/home/epriauto/ros2_ws/camera/zed-camera-wrapper/install/zed_ros2
[0.919s] Invoking command in '/home/epriauto/ros2_ws/camera/zed-camera-wrapper/build/zed_ros2': AMENT_PREFIX_PATH=/home/epriauto/ros2_ws/camera/zed-camera-wrapper/install/zed_wrapper:/home/epriauto/ros2_ws/camera/zed-camera-wrapper/install/zed_components:${AMENT_PREFIX_PATH} CMAKE_PREFIX_PATH=/home/epriauto/ros2_ws/camera/zed-camera-wrapper/install/zed_wrapper:/home/epriauto/ros2_ws/camera/zed-camera-wrapper/install/zed_components:/opt/ros/humble LD_LIBRARY_PATH=/home/epriauto/ros2_ws/camera/zed-camera-wrapper/install/zed_components/lib:${LD_LIBRARY_PATH} /usr/bin/cmake --build /home/epriauto/ros2_ws/camera/zed-camera-wrapper/build/zed_ros2 -- -j6 -l6
[0.998s] Invoked command in '/home/epriauto/ros2_ws/camera/zed-camera-wrapper/build/zed_ros2' returned '0': AMENT_PREFIX_PATH=/home/epriauto/ros2_ws/camera/zed-camera-wrapper/install/zed_wrapper:/home/epriauto/ros2_ws/camera/zed-camera-wrapper/install/zed_components:${AMENT_PREFIX_PATH} CMAKE_PREFIX_PATH=/home/epriauto/ros2_ws/camera/zed-camera-wrapper/install/zed_wrapper:/home/epriauto/ros2_ws/camera/zed-camera-wrapper/install/zed_components:/opt/ros/humble LD_LIBRARY_PATH=/home/epriauto/ros2_ws/camera/zed-camera-wrapper/install/zed_components/lib:${LD_LIBRARY_PATH} /usr/bin/cmake --build /home/epriauto/ros2_ws/camera/zed-camera-wrapper/build/zed_ros2 -- -j6 -l6
[1.005s] Invoking command in '/home/epriauto/ros2_ws/camera/zed-camera-wrapper/build/zed_ros2': AMENT_PREFIX_PATH=/home/epriauto/ros2_ws/camera/zed-camera-wrapper/install/zed_wrapper:/home/epriauto/ros2_ws/camera/zed-camera-wrapper/install/zed_components:${AMENT_PREFIX_PATH} CMAKE_PREFIX_PATH=/home/epriauto/ros2_ws/camera/zed-camera-wrapper/install/zed_wrapper:/home/epriauto/ros2_ws/camera/zed-camera-wrapper/install/zed_components:/opt/ros/humble LD_LIBRARY_PATH=/home/epriauto/ros2_ws/camera/zed-camera-wrapper/install/zed_components/lib:${LD_LIBRARY_PATH} /usr/bin/cmake --install /home/epriauto/ros2_ws/camera/zed-camera-wrapper/build/zed_ros2
[1.022s] -- Install configuration: "Release"
[1.022s] -- Execute custom install script
[1.023s] -- Symlinking: /home/epriauto/ros2_ws/camera/zed-camera-wrapper/install/zed_ros2/share/ament_index/resource_index/package_run_dependencies/zed_ros2
[1.040s] -- Symlinking: /home/epriauto/ros2_ws/camera/zed-camera-wrapper/install/zed_ros2/share/ament_index/resource_index/parent_prefix_path/zed_ros2
[1.059s] -- Symlinking: /home/epriauto/ros2_ws/camera/zed-camera-wrapper/install/zed_ros2/share/zed_ros2/environment/ament_prefix_path.sh
[1.073s] -- Symlinking: /home/epriauto/ros2_ws/camera/zed-camera-wrapper/install/zed_ros2/share/zed_ros2/environment/ament_prefix_path.dsv
[1.088s] -- Symlinking: /home/epriauto/ros2_ws/camera/zed-camera-wrapper/install/zed_ros2/share/zed_ros2/environment/path.sh
[1.112s] -- Symlinking: /home/epriauto/ros2_ws/camera/zed-camera-wrapper/install/zed_ros2/share/zed_ros2/environment/path.dsv
[1.128s] -- Symlinking: /home/epriauto/ros2_ws/camera/zed-camera-wrapper/install/zed_ros2/share/zed_ros2/local_setup.bash
[1.145s] -- Symlinking: /home/epriauto/ros2_ws/camera/zed-camera-wrapper/install/zed_ros2/share/zed_ros2/local_setup.sh
[1.165s] -- Symlinking: /home/epriauto/ros2_ws/camera/zed-camera-wrapper/install/zed_ros2/share/zed_ros2/local_setup.zsh
[1.183s] -- Symlinking: /home/epriauto/ros2_ws/camera/zed-camera-wrapper/install/zed_ros2/share/zed_ros2/local_setup.dsv
[1.209s] -- Symlinking: /home/epriauto/ros2_ws/camera/zed-camera-wrapper/install/zed_ros2/share/zed_ros2/package.dsv
[1.228s] -- Symlinking: /home/epriauto/ros2_ws/camera/zed-camera-wrapper/install/zed_ros2/share/ament_index/resource_index/packages/zed_ros2
[1.246s] -- Symlinking: /home/epriauto/ros2_ws/camera/zed-camera-wrapper/install/zed_ros2/share/zed_ros2/cmake/zed_ros2Config.cmake
[1.266s] -- Symlinking: /home/epriauto/ros2_ws/camera/zed-camera-wrapper/install/zed_ros2/share/zed_ros2/cmake/zed_ros2Config-version.cmake
[1.284s] -- Symlinking: /home/epriauto/ros2_ws/camera/zed-camera-wrapper/install/zed_ros2/share/zed_ros2/package.xml
[1.316s] Invoked command in '/home/epriauto/ros2_ws/camera/zed-camera-wrapper/build/zed_ros2' returned '0': AMENT_PREFIX_PATH=/home/epriauto/ros2_ws/camera/zed-camera-wrapper/install/zed_wrapper:/home/epriauto/ros2_ws/camera/zed-camera-wrapper/install/zed_components:${AMENT_PREFIX_PATH} CMAKE_PREFIX_PATH=/home/epriauto/ros2_ws/camera/zed-camera-wrapper/install/zed_wrapper:/home/epriauto/ros2_ws/camera/zed-camera-wrapper/install/zed_components:/opt/ros/humble LD_LIBRARY_PATH=/home/epriauto/ros2_ws/camera/zed-camera-wrapper/install/zed_components/lib:${LD_LIBRARY_PATH} /usr/bin/cmake --install /home/epriauto/ros2_ws/camera/zed-camera-wrapper/build/zed_ros2
