[0.026s] Invoking command in '/home/epriauto/ros2_ws/camera/zed-camera-wrapper/build/zed_wrapper': AMENT_PREFIX_PATH=/home/epriauto/ros2_ws/camera/zed-camera-wrapper/install/zed_components:${AMENT_PREFIX_PATH} CMAKE_PREFIX_PATH=/home/epriauto/ros2_ws/camera/zed-camera-wrapper/install/zed_components:/opt/ros/humble LD_LIBRARY_PATH=/home/epriauto/ros2_ws/camera/zed-camera-wrapper/install/zed_components/lib:${LD_LIBRARY_PATH} /usr/bin/cmake /home/epriauto/ros2_ws/camera/zed-camera-wrapper/src/zed-ros2-wrapper/zed_wrapper -DCMAKE_BUILD_TYPE=Release -DAMENT_CMAKE_SYMLINK_INSTALL=1 -DCMAKE_INSTALL_PREFIX=/home/epriauto/ros2_ws/camera/zed-camera-wrapper/install/zed_wrapper
[0.139s] -- The C compiler identification is GNU 11.4.0
[0.262s] -- The CXX compiler identification is GNU 11.4.0
[0.285s] -- Detecting C compiler ABI info
[0.446s] -- Detecting C compiler ABI info - done
[0.471s] -- Check for working C compiler: /usr/bin/cc - skipped
[0.472s] -- Detecting C compile features
[0.474s] -- Detecting C compile features - done
[0.485s] -- Detecting CXX compiler ABI info
[0.654s] -- Detecting CXX compiler ABI info - done
[0.690s] -- Check for working CXX compiler: /usr/bin/c++ - skipped
[0.690s] -- Detecting CXX compile features
[0.691s] -- Detecting CXX compile features - done
[0.698s] -- Found ament_cmake_auto: 1.3.11 (/opt/ros/humble/share/ament_cmake_auto/cmake)
[1.070s] -- Found Python3: /usr/bin/python3 (found version "3.10.12") found components: Interpreter 
[1.217s] -- Override CMake install command with custom implementation using symlinks instead of copying resources
[1.576s] -- Found rosidl_generator_c: 3.1.6 (/opt/ros/humble/share/rosidl_generator_c/cmake)
[1.586s] -- Found rosidl_adapter: 3.1.6 (/opt/ros/humble/share/rosidl_adapter/cmake)
[1.604s] -- Found rosidl_generator_cpp: 3.1.6 (/opt/ros/humble/share/rosidl_generator_cpp/cmake)
[1.626s] -- Using all available rosidl_typesupport_c: rosidl_typesupport_fastrtps_c;rosidl_typesupport_introspection_c
[1.662s] -- Using all available rosidl_typesupport_cpp: rosidl_typesupport_fastrtps_cpp;rosidl_typesupport_introspection_cpp
[1.746s] -- Found rmw_implementation_cmake: 6.1.2 (/opt/ros/humble/share/rmw_implementation_cmake/cmake)
[1.753s] -- Found rmw_fastrtps_cpp: 6.2.7 (/opt/ros/humble/share/rmw_fastrtps_cpp/cmake)
[1.903s] -- Found OpenSSL: /usr/lib/aarch64-linux-gnu/libcrypto.so (found version "3.0.2")  
[1.966s] -- Found FastRTPS: /opt/ros/humble/include  
[2.046s] -- Using RMW implementation 'rmw_fastrtps_cpp' as default
[2.062s] -- Looking for pthread.h
[2.203s] -- Looking for pthread.h - found
[2.203s] -- Performing Test CMAKE_HAVE_LIBC_PTHREAD
[2.367s] -- Performing Test CMAKE_HAVE_LIBC_PTHREAD - Success
[2.367s] -- Found Threads: TRUE  
[2.791s] -- Found eigen3_cmake_module: 0.1.1 (/opt/ros/humble/share/eigen3_cmake_module/cmake)
[2.793s] -- Found Eigen3: TRUE (found version "3.4.0") 
[2.793s] -- Ensuring Eigen3 include directory is part of orocos-kdl CMake target
[3.188s] -- Configuring done
[3.201s] -- Generating done
[3.206s] -- Build files have been written to: /home/epriauto/ros2_ws/camera/zed-camera-wrapper/build/zed_wrapper
[3.237s] Invoked command in '/home/epriauto/ros2_ws/camera/zed-camera-wrapper/build/zed_wrapper' returned '0': AMENT_PREFIX_PATH=/home/epriauto/ros2_ws/camera/zed-camera-wrapper/install/zed_components:${AMENT_PREFIX_PATH} CMAKE_PREFIX_PATH=/home/epriauto/ros2_ws/camera/zed-camera-wrapper/install/zed_components:/opt/ros/humble LD_LIBRARY_PATH=/home/epriauto/ros2_ws/camera/zed-camera-wrapper/install/zed_components/lib:${LD_LIBRARY_PATH} /usr/bin/cmake /home/epriauto/ros2_ws/camera/zed-camera-wrapper/src/zed-ros2-wrapper/zed_wrapper -DCMAKE_BUILD_TYPE=Release -DAMENT_CMAKE_SYMLINK_INSTALL=1 -DCMAKE_INSTALL_PREFIX=/home/epriauto/ros2_ws/camera/zed-camera-wrapper/install/zed_wrapper
[3.245s] Invoking command in '/home/epriauto/ros2_ws/camera/zed-camera-wrapper/build/zed_wrapper': AMENT_PREFIX_PATH=/home/epriauto/ros2_ws/camera/zed-camera-wrapper/install/zed_components:${AMENT_PREFIX_PATH} CMAKE_PREFIX_PATH=/home/epriauto/ros2_ws/camera/zed-camera-wrapper/install/zed_components:/opt/ros/humble LD_LIBRARY_PATH=/home/epriauto/ros2_ws/camera/zed-camera-wrapper/install/zed_components/lib:${LD_LIBRARY_PATH} /usr/bin/cmake --build /home/epriauto/ros2_ws/camera/zed-camera-wrapper/build/zed_wrapper -- -j6 -l6
[3.334s] Invoked command in '/home/epriauto/ros2_ws/camera/zed-camera-wrapper/build/zed_wrapper' returned '0': AMENT_PREFIX_PATH=/home/epriauto/ros2_ws/camera/zed-camera-wrapper/install/zed_components:${AMENT_PREFIX_PATH} CMAKE_PREFIX_PATH=/home/epriauto/ros2_ws/camera/zed-camera-wrapper/install/zed_components:/opt/ros/humble LD_LIBRARY_PATH=/home/epriauto/ros2_ws/camera/zed-camera-wrapper/install/zed_components/lib:${LD_LIBRARY_PATH} /usr/bin/cmake --build /home/epriauto/ros2_ws/camera/zed-camera-wrapper/build/zed_wrapper -- -j6 -l6
[3.340s] Invoking command in '/home/epriauto/ros2_ws/camera/zed-camera-wrapper/build/zed_wrapper': AMENT_PREFIX_PATH=/home/epriauto/ros2_ws/camera/zed-camera-wrapper/install/zed_components:${AMENT_PREFIX_PATH} CMAKE_PREFIX_PATH=/home/epriauto/ros2_ws/camera/zed-camera-wrapper/install/zed_components:/opt/ros/humble LD_LIBRARY_PATH=/home/epriauto/ros2_ws/camera/zed-camera-wrapper/install/zed_components/lib:${LD_LIBRARY_PATH} /usr/bin/cmake --install /home/epriauto/ros2_ws/camera/zed-camera-wrapper/build/zed_wrapper
[3.360s] -- Install configuration: "Release"
[3.361s] -- Execute custom install script
[3.363s] -- Symlinking: /home/epriauto/ros2_ws/camera/zed-camera-wrapper/install/zed_wrapper/share/zed_wrapper/config/common_mono.yaml
[3.384s] -- Symlinking: /home/epriauto/ros2_ws/camera/zed-camera-wrapper/install/zed_wrapper/share/zed_wrapper/config/common_stereo.yaml
[3.403s] -- Symlinking: /home/epriauto/ros2_ws/camera/zed-camera-wrapper/install/zed_wrapper/share/zed_wrapper/config/ffmpeg.yaml
[3.420s] -- Symlinking: /home/epriauto/ros2_ws/camera/zed-camera-wrapper/install/zed_wrapper/share/zed_wrapper/config/virtual.yaml
[3.441s] -- Symlinking: /home/epriauto/ros2_ws/camera/zed-camera-wrapper/install/zed_wrapper/share/zed_wrapper/config/zed.yaml
[3.463s] -- Symlinking: /home/epriauto/ros2_ws/camera/zed-camera-wrapper/install/zed_wrapper/share/zed_wrapper/config/zed2.yaml
[3.481s] -- Symlinking: /home/epriauto/ros2_ws/camera/zed-camera-wrapper/install/zed_wrapper/share/zed_wrapper/config/zed2i.yaml
[3.500s] -- Symlinking: /home/epriauto/ros2_ws/camera/zed-camera-wrapper/install/zed_wrapper/share/zed_wrapper/config/zedm.yaml
[3.518s] -- Symlinking: /home/epriauto/ros2_ws/camera/zed-camera-wrapper/install/zed_wrapper/share/zed_wrapper/config/zedx.yaml
[3.537s] -- Symlinking: /home/epriauto/ros2_ws/camera/zed-camera-wrapper/install/zed_wrapper/share/zed_wrapper/config/zedxm.yaml
[3.561s] -- Symlinking: /home/epriauto/ros2_ws/camera/zed-camera-wrapper/install/zed_wrapper/share/zed_wrapper/config/zedxone4k.yaml
[3.582s] -- Symlinking: /home/epriauto/ros2_ws/camera/zed-camera-wrapper/install/zed_wrapper/share/zed_wrapper/config/zedxonegs.yaml
[3.605s] -- Symlinking: /home/epriauto/ros2_ws/camera/zed-camera-wrapper/install/zed_wrapper/share/zed_wrapper/urdf/include/materials.urdf.xacro
[3.625s] -- Symlinking: /home/epriauto/ros2_ws/camera/zed-camera-wrapper/install/zed_wrapper/share/zed_wrapper/urdf/zed_descr.urdf.xacro
[3.645s] -- Symlinking: /home/epriauto/ros2_ws/camera/zed-camera-wrapper/install/zed_wrapper/share/zed_wrapper/urdf/zed_macro.urdf.xacro
[3.666s] -- Symlinking: /home/epriauto/ros2_ws/camera/zed-camera-wrapper/install/zed_wrapper/share/zed_wrapper/launch/zed_camera.launch.py
[3.694s] -- Symlinking: /home/epriauto/ros2_ws/camera/zed-camera-wrapper/install/zed_wrapper/share/ament_index/resource_index/package_run_dependencies/zed_wrapper
[3.712s] -- Symlinking: /home/epriauto/ros2_ws/camera/zed-camera-wrapper/install/zed_wrapper/share/ament_index/resource_index/parent_prefix_path/zed_wrapper
[3.733s] -- Symlinking: /home/epriauto/ros2_ws/camera/zed-camera-wrapper/install/zed_wrapper/share/zed_wrapper/environment/ament_prefix_path.sh
[3.755s] -- Symlinking: /home/epriauto/ros2_ws/camera/zed-camera-wrapper/install/zed_wrapper/share/zed_wrapper/environment/ament_prefix_path.dsv
[3.775s] -- Symlinking: /home/epriauto/ros2_ws/camera/zed-camera-wrapper/install/zed_wrapper/share/zed_wrapper/environment/path.sh
[3.795s] -- Symlinking: /home/epriauto/ros2_ws/camera/zed-camera-wrapper/install/zed_wrapper/share/zed_wrapper/environment/path.dsv
[3.812s] -- Symlinking: /home/epriauto/ros2_ws/camera/zed-camera-wrapper/install/zed_wrapper/share/zed_wrapper/local_setup.bash
[3.832s] -- Symlinking: /home/epriauto/ros2_ws/camera/zed-camera-wrapper/install/zed_wrapper/share/zed_wrapper/local_setup.sh
[3.855s] -- Symlinking: /home/epriauto/ros2_ws/camera/zed-camera-wrapper/install/zed_wrapper/share/zed_wrapper/local_setup.zsh
[3.875s] -- Symlinking: /home/epriauto/ros2_ws/camera/zed-camera-wrapper/install/zed_wrapper/share/zed_wrapper/local_setup.dsv
[3.895s] -- Symlinking: /home/epriauto/ros2_ws/camera/zed-camera-wrapper/install/zed_wrapper/share/zed_wrapper/package.dsv
[3.915s] -- Symlinking: /home/epriauto/ros2_ws/camera/zed-camera-wrapper/install/zed_wrapper/share/ament_index/resource_index/packages/zed_wrapper
[3.938s] -- Symlinking: /home/epriauto/ros2_ws/camera/zed-camera-wrapper/install/zed_wrapper/share/zed_wrapper/cmake/zed_wrapperConfig.cmake
[3.962s] -- Symlinking: /home/epriauto/ros2_ws/camera/zed-camera-wrapper/install/zed_wrapper/share/zed_wrapper/cmake/zed_wrapperConfig-version.cmake
[3.980s] -- Symlinking: /home/epriauto/ros2_ws/camera/zed-camera-wrapper/install/zed_wrapper/share/zed_wrapper/package.xml
[4.009s] Invoked command in '/home/epriauto/ros2_ws/camera/zed-camera-wrapper/build/zed_wrapper' returned '0': AMENT_PREFIX_PATH=/home/epriauto/ros2_ws/camera/zed-camera-wrapper/install/zed_components:${AMENT_PREFIX_PATH} CMAKE_PREFIX_PATH=/home/epriauto/ros2_ws/camera/zed-camera-wrapper/install/zed_components:/opt/ros/humble LD_LIBRARY_PATH=/home/epriauto/ros2_ws/camera/zed-camera-wrapper/install/zed_components/lib:${LD_LIBRARY_PATH} /usr/bin/cmake --install /home/epriauto/ros2_ws/camera/zed-camera-wrapper/build/zed_wrapper
