[0.278s] DEBUG:colcon:Command line arguments: ['/usr/bin/colcon', 'build', '--symlink-install', '--cmake-args=-DCMAKE_BUILD_TYPE=Release']
[0.279s] DEBUG:colcon:Parsed command line arguments: Namespace(log_base=None, log_level=None, verb_name='build', build_base='build', install_base='install', merge_install=False, symlink_install=True, test_result_base=None, continue_on_error=False, executor='parallel', parallel_workers=6, event_handlers=None, ignore_user_meta=False, metas=['./colcon.meta'], base_paths=['.'], packages_ignore=None, packages_ignore_regex=None, paths=None, packages_up_to=None, packages_up_to_regex=None, packages_above=None, packages_above_and_dependencies=None, packages_above_depth=None, packages_select_by_dep=None, packages_skip_by_dep=None, packages_skip_up_to=None, packages_select_build_failed=False, packages_skip_build_finished=False, packages_select_test_failures=False, packages_skip_test_passed=False, packages_select=None, packages_skip=None, packages_select_regex=None, packages_skip_regex=None, packages_start=None, packages_end=None, allow_overriding=[], cmake_args=['-DCMAKE_BUILD_TYPE=Release'], cmake_target=None, cmake_target_skip_unavailable=False, cmake_clean_cache=False, cmake_clean_first=False, cmake_force_configure=False, ament_cmake_args=None, catkin_cmake_args=None, catkin_skip_building_tests=False, mixin_files=None, mixin=None, verb_parser=<colcon_mixin.mixin.mixin_argument.MixinArgumentDecorator object at 0xffffac4caad0>, verb_extension=<colcon_core.verb.build.BuildVerb object at 0xffffac67fa90>, main=<bound method BuildVerb.main of <colcon_core.verb.build.BuildVerb object at 0xffffac67fa90>>, mixin_verb=('build',))
[0.700s] Level 1:colcon.colcon_core.package_discovery:discover_packages(colcon_meta) check parameters
[0.700s] Level 1:colcon.colcon_core.package_discovery:discover_packages(recursive) check parameters
[0.700s] Level 1:colcon.colcon_core.package_discovery:discover_packages(ignore) check parameters
[0.700s] Level 1:colcon.colcon_core.package_discovery:discover_packages(path) check parameters
[0.700s] Level 1:colcon.colcon_core.package_discovery:discover_packages(colcon_meta) discover
[0.700s] Level 1:colcon.colcon_core.package_discovery:discover_packages(recursive) discover
[0.701s] INFO:colcon.colcon_core.package_discovery:Crawling recursively for packages in '/home/epriauto/ros2_ws/camera/zed-camera-wrapper'
[0.701s] Level 1:colcon.colcon_core.package_identification:_identify(.) by extensions ['ignore', 'ignore_ament_install']
[0.701s] Level 1:colcon.colcon_core.package_identification:_identify(.) by extension 'ignore'
[0.701s] Level 1:colcon.colcon_core.package_identification:_identify(.) by extension 'ignore_ament_install'
[0.701s] Level 1:colcon.colcon_core.package_identification:_identify(.) by extensions ['colcon_pkg']
[0.701s] Level 1:colcon.colcon_core.package_identification:_identify(.) by extension 'colcon_pkg'
[0.701s] Level 1:colcon.colcon_core.package_identification:_identify(.) by extensions ['colcon_meta']
[0.702s] Level 1:colcon.colcon_core.package_identification:_identify(.) by extension 'colcon_meta'
[0.702s] Level 1:colcon.colcon_core.package_identification:_identify(.) by extensions ['ros']
[0.702s] Level 1:colcon.colcon_core.package_identification:_identify(.) by extension 'ros'
[0.724s] Level 1:colcon.colcon_core.package_identification:_identify(.) by extensions ['cmake', 'python']
[0.725s] Level 1:colcon.colcon_core.package_identification:_identify(.) by extension 'cmake'
[0.725s] Level 1:colcon.colcon_core.package_identification:_identify(.) by extension 'python'
[0.725s] Level 1:colcon.colcon_core.package_identification:_identify(.) by extensions ['python_setup_py']
[0.725s] Level 1:colcon.colcon_core.package_identification:_identify(.) by extension 'python_setup_py'
[0.725s] Level 1:colcon.colcon_core.package_identification:_identify(build) by extensions ['ignore', 'ignore_ament_install']
[0.726s] Level 1:colcon.colcon_core.package_identification:_identify(build) by extension 'ignore'
[0.726s] Level 1:colcon.colcon_core.package_identification:_identify(build) ignored
[0.726s] Level 1:colcon.colcon_core.package_identification:_identify(install) by extensions ['ignore', 'ignore_ament_install']
[0.726s] Level 1:colcon.colcon_core.package_identification:_identify(install) by extension 'ignore'
[0.726s] Level 1:colcon.colcon_core.package_identification:_identify(install) ignored
[0.726s] Level 1:colcon.colcon_core.package_identification:_identify(log) by extensions ['ignore', 'ignore_ament_install']
[0.727s] Level 1:colcon.colcon_core.package_identification:_identify(log) by extension 'ignore'
[0.727s] Level 1:colcon.colcon_core.package_identification:_identify(log) ignored
[0.727s] Level 1:colcon.colcon_core.package_identification:_identify(src) by extensions ['ignore', 'ignore_ament_install']
[0.727s] Level 1:colcon.colcon_core.package_identification:_identify(src) by extension 'ignore'
[0.727s] Level 1:colcon.colcon_core.package_identification:_identify(src) by extension 'ignore_ament_install'
[0.727s] Level 1:colcon.colcon_core.package_identification:_identify(src) by extensions ['colcon_pkg']
[0.727s] Level 1:colcon.colcon_core.package_identification:_identify(src) by extension 'colcon_pkg'
[0.727s] Level 1:colcon.colcon_core.package_identification:_identify(src) by extensions ['colcon_meta']
[0.727s] Level 1:colcon.colcon_core.package_identification:_identify(src) by extension 'colcon_meta'
[0.728s] Level 1:colcon.colcon_core.package_identification:_identify(src) by extensions ['ros']
[0.728s] Level 1:colcon.colcon_core.package_identification:_identify(src) by extension 'ros'
[0.728s] Level 1:colcon.colcon_core.package_identification:_identify(src) by extensions ['cmake', 'python']
[0.728s] Level 1:colcon.colcon_core.package_identification:_identify(src) by extension 'cmake'
[0.728s] Level 1:colcon.colcon_core.package_identification:_identify(src) by extension 'python'
[0.728s] Level 1:colcon.colcon_core.package_identification:_identify(src) by extensions ['python_setup_py']
[0.728s] Level 1:colcon.colcon_core.package_identification:_identify(src) by extension 'python_setup_py'
[0.728s] Level 1:colcon.colcon_core.package_identification:_identify(src/zed-ros2-wrapper) by extensions ['ignore', 'ignore_ament_install']
[0.728s] Level 1:colcon.colcon_core.package_identification:_identify(src/zed-ros2-wrapper) by extension 'ignore'
[0.729s] Level 1:colcon.colcon_core.package_identification:_identify(src/zed-ros2-wrapper) by extension 'ignore_ament_install'
[0.729s] Level 1:colcon.colcon_core.package_identification:_identify(src/zed-ros2-wrapper) by extensions ['colcon_pkg']
[0.729s] Level 1:colcon.colcon_core.package_identification:_identify(src/zed-ros2-wrapper) by extension 'colcon_pkg'
[0.729s] Level 1:colcon.colcon_core.package_identification:_identify(src/zed-ros2-wrapper) by extensions ['colcon_meta']
[0.729s] Level 1:colcon.colcon_core.package_identification:_identify(src/zed-ros2-wrapper) by extension 'colcon_meta'
[0.729s] Level 1:colcon.colcon_core.package_identification:_identify(src/zed-ros2-wrapper) by extensions ['ros']
[0.729s] Level 1:colcon.colcon_core.package_identification:_identify(src/zed-ros2-wrapper) by extension 'ros'
[0.729s] Level 1:colcon.colcon_core.package_identification:_identify(src/zed-ros2-wrapper) by extensions ['cmake', 'python']
[0.729s] Level 1:colcon.colcon_core.package_identification:_identify(src/zed-ros2-wrapper) by extension 'cmake'
[0.729s] Level 1:colcon.colcon_core.package_identification:_identify(src/zed-ros2-wrapper) by extension 'python'
[0.729s] Level 1:colcon.colcon_core.package_identification:_identify(src/zed-ros2-wrapper) by extensions ['python_setup_py']
[0.730s] Level 1:colcon.colcon_core.package_identification:_identify(src/zed-ros2-wrapper) by extension 'python_setup_py'
[0.730s] Level 1:colcon.colcon_core.package_identification:_identify(src/zed-ros2-wrapper/docker) by extensions ['ignore', 'ignore_ament_install']
[0.730s] Level 1:colcon.colcon_core.package_identification:_identify(src/zed-ros2-wrapper/docker) by extension 'ignore'
[0.730s] Level 1:colcon.colcon_core.package_identification:_identify(src/zed-ros2-wrapper/docker) by extension 'ignore_ament_install'
[0.730s] Level 1:colcon.colcon_core.package_identification:_identify(src/zed-ros2-wrapper/docker) by extensions ['colcon_pkg']
[0.730s] Level 1:colcon.colcon_core.package_identification:_identify(src/zed-ros2-wrapper/docker) by extension 'colcon_pkg'
[0.730s] Level 1:colcon.colcon_core.package_identification:_identify(src/zed-ros2-wrapper/docker) by extensions ['colcon_meta']
[0.730s] Level 1:colcon.colcon_core.package_identification:_identify(src/zed-ros2-wrapper/docker) by extension 'colcon_meta'
[0.731s] Level 1:colcon.colcon_core.package_identification:_identify(src/zed-ros2-wrapper/docker) by extensions ['ros']
[0.731s] Level 1:colcon.colcon_core.package_identification:_identify(src/zed-ros2-wrapper/docker) by extension 'ros'
[0.731s] Level 1:colcon.colcon_core.package_identification:_identify(src/zed-ros2-wrapper/docker) by extensions ['cmake', 'python']
[0.731s] Level 1:colcon.colcon_core.package_identification:_identify(src/zed-ros2-wrapper/docker) by extension 'cmake'
[0.731s] Level 1:colcon.colcon_core.package_identification:_identify(src/zed-ros2-wrapper/docker) by extension 'python'
[0.731s] Level 1:colcon.colcon_core.package_identification:_identify(src/zed-ros2-wrapper/docker) by extensions ['python_setup_py']
[0.731s] Level 1:colcon.colcon_core.package_identification:_identify(src/zed-ros2-wrapper/docker) by extension 'python_setup_py'
[0.731s] Level 1:colcon.colcon_core.package_identification:_identify(src/zed-ros2-wrapper/images) by extensions ['ignore', 'ignore_ament_install']
[0.731s] Level 1:colcon.colcon_core.package_identification:_identify(src/zed-ros2-wrapper/images) by extension 'ignore'
[0.732s] Level 1:colcon.colcon_core.package_identification:_identify(src/zed-ros2-wrapper/images) by extension 'ignore_ament_install'
[0.732s] Level 1:colcon.colcon_core.package_identification:_identify(src/zed-ros2-wrapper/images) by extensions ['colcon_pkg']
[0.732s] Level 1:colcon.colcon_core.package_identification:_identify(src/zed-ros2-wrapper/images) by extension 'colcon_pkg'
[0.732s] Level 1:colcon.colcon_core.package_identification:_identify(src/zed-ros2-wrapper/images) by extensions ['colcon_meta']
[0.732s] Level 1:colcon.colcon_core.package_identification:_identify(src/zed-ros2-wrapper/images) by extension 'colcon_meta'
[0.732s] Level 1:colcon.colcon_core.package_identification:_identify(src/zed-ros2-wrapper/images) by extensions ['ros']
[0.732s] Level 1:colcon.colcon_core.package_identification:_identify(src/zed-ros2-wrapper/images) by extension 'ros'
[0.732s] Level 1:colcon.colcon_core.package_identification:_identify(src/zed-ros2-wrapper/images) by extensions ['cmake', 'python']
[0.732s] Level 1:colcon.colcon_core.package_identification:_identify(src/zed-ros2-wrapper/images) by extension 'cmake'
[0.732s] Level 1:colcon.colcon_core.package_identification:_identify(src/zed-ros2-wrapper/images) by extension 'python'
[0.732s] Level 1:colcon.colcon_core.package_identification:_identify(src/zed-ros2-wrapper/images) by extensions ['python_setup_py']
[0.733s] Level 1:colcon.colcon_core.package_identification:_identify(src/zed-ros2-wrapper/images) by extension 'python_setup_py'
[0.733s] Level 1:colcon.colcon_core.package_identification:_identify(src/zed-ros2-wrapper/zed_components) by extensions ['ignore', 'ignore_ament_install']
[0.733s] Level 1:colcon.colcon_core.package_identification:_identify(src/zed-ros2-wrapper/zed_components) by extension 'ignore'
[0.733s] Level 1:colcon.colcon_core.package_identification:_identify(src/zed-ros2-wrapper/zed_components) by extension 'ignore_ament_install'
[0.733s] Level 1:colcon.colcon_core.package_identification:_identify(src/zed-ros2-wrapper/zed_components) by extensions ['colcon_pkg']
[0.733s] Level 1:colcon.colcon_core.package_identification:_identify(src/zed-ros2-wrapper/zed_components) by extension 'colcon_pkg'
[0.733s] Level 1:colcon.colcon_core.package_identification:_identify(src/zed-ros2-wrapper/zed_components) by extensions ['colcon_meta']
[0.733s] Level 1:colcon.colcon_core.package_identification:_identify(src/zed-ros2-wrapper/zed_components) by extension 'colcon_meta'
[0.733s] Level 1:colcon.colcon_core.package_identification:_identify(src/zed-ros2-wrapper/zed_components) by extensions ['ros']
[0.734s] Level 1:colcon.colcon_core.package_identification:_identify(src/zed-ros2-wrapper/zed_components) by extension 'ros'
[0.742s] DEBUG:colcon.colcon_core.package_identification:Package 'src/zed-ros2-wrapper/zed_components' with type 'ros.ament_cmake' and name 'zed_components'
[0.743s] Level 1:colcon.colcon_core.package_identification:_identify(src/zed-ros2-wrapper/zed_ros2) by extensions ['ignore', 'ignore_ament_install']
[0.743s] Level 1:colcon.colcon_core.package_identification:_identify(src/zed-ros2-wrapper/zed_ros2) by extension 'ignore'
[0.743s] Level 1:colcon.colcon_core.package_identification:_identify(src/zed-ros2-wrapper/zed_ros2) by extension 'ignore_ament_install'
[0.743s] Level 1:colcon.colcon_core.package_identification:_identify(src/zed-ros2-wrapper/zed_ros2) by extensions ['colcon_pkg']
[0.743s] Level 1:colcon.colcon_core.package_identification:_identify(src/zed-ros2-wrapper/zed_ros2) by extension 'colcon_pkg'
[0.743s] Level 1:colcon.colcon_core.package_identification:_identify(src/zed-ros2-wrapper/zed_ros2) by extensions ['colcon_meta']
[0.743s] Level 1:colcon.colcon_core.package_identification:_identify(src/zed-ros2-wrapper/zed_ros2) by extension 'colcon_meta'
[0.744s] Level 1:colcon.colcon_core.package_identification:_identify(src/zed-ros2-wrapper/zed_ros2) by extensions ['ros']
[0.744s] Level 1:colcon.colcon_core.package_identification:_identify(src/zed-ros2-wrapper/zed_ros2) by extension 'ros'
[0.745s] DEBUG:colcon.colcon_core.package_identification:Package 'src/zed-ros2-wrapper/zed_ros2' with type 'ros.ament_cmake' and name 'zed_ros2'
[0.745s] Level 1:colcon.colcon_core.package_identification:_identify(src/zed-ros2-wrapper/zed_wrapper) by extensions ['ignore', 'ignore_ament_install']
[0.745s] Level 1:colcon.colcon_core.package_identification:_identify(src/zed-ros2-wrapper/zed_wrapper) by extension 'ignore'
[0.745s] Level 1:colcon.colcon_core.package_identification:_identify(src/zed-ros2-wrapper/zed_wrapper) by extension 'ignore_ament_install'
[0.746s] Level 1:colcon.colcon_core.package_identification:_identify(src/zed-ros2-wrapper/zed_wrapper) by extensions ['colcon_pkg']
[0.746s] Level 1:colcon.colcon_core.package_identification:_identify(src/zed-ros2-wrapper/zed_wrapper) by extension 'colcon_pkg'
[0.746s] Level 1:colcon.colcon_core.package_identification:_identify(src/zed-ros2-wrapper/zed_wrapper) by extensions ['colcon_meta']
[0.746s] Level 1:colcon.colcon_core.package_identification:_identify(src/zed-ros2-wrapper/zed_wrapper) by extension 'colcon_meta'
[0.746s] Level 1:colcon.colcon_core.package_identification:_identify(src/zed-ros2-wrapper/zed_wrapper) by extensions ['ros']
[0.746s] Level 1:colcon.colcon_core.package_identification:_identify(src/zed-ros2-wrapper/zed_wrapper) by extension 'ros'
[0.775s] DEBUG:colcon.colcon_core.package_identification:Package 'src/zed-ros2-wrapper/zed_wrapper' with type 'ros.ament_cmake' and name 'zed_wrapper'
[0.775s] Level 1:colcon.colcon_core.package_discovery:discover_packages(recursive) using defaults
[0.775s] Level 1:colcon.colcon_core.package_discovery:discover_packages(ignore) discover
[0.775s] Level 1:colcon.colcon_core.package_discovery:discover_packages(ignore) using defaults
[0.775s] Level 1:colcon.colcon_core.package_discovery:discover_packages(path) discover
[0.776s] Level 1:colcon.colcon_core.package_discovery:discover_packages(path) using defaults
[0.819s] Level 1:colcon.colcon_core.package_discovery:discover_packages(prefix_path) check parameters
[0.819s] Level 1:colcon.colcon_core.package_discovery:discover_packages(prefix_path) discover
[0.824s] DEBUG:colcon.colcon_installed_package_information.package_discovery:Found 358 installed packages in /opt/ros/humble
[0.827s] Level 1:colcon.colcon_core.package_discovery:discover_packages(prefix_path) using defaults
[0.912s] Level 5:colcon.colcon_core.verb:set package 'zed_components' build argument 'cmake_args' from command line to '['-DCMAKE_BUILD_TYPE=Release']'
[0.912s] Level 5:colcon.colcon_core.verb:set package 'zed_components' build argument 'cmake_target' from command line to 'None'
[0.913s] Level 5:colcon.colcon_core.verb:set package 'zed_components' build argument 'cmake_target_skip_unavailable' from command line to 'False'
[0.913s] Level 5:colcon.colcon_core.verb:set package 'zed_components' build argument 'cmake_clean_cache' from command line to 'False'
[0.913s] Level 5:colcon.colcon_core.verb:set package 'zed_components' build argument 'cmake_clean_first' from command line to 'False'
[0.913s] Level 5:colcon.colcon_core.verb:set package 'zed_components' build argument 'cmake_force_configure' from command line to 'False'
[0.913s] Level 5:colcon.colcon_core.verb:set package 'zed_components' build argument 'ament_cmake_args' from command line to 'None'
[0.913s] Level 5:colcon.colcon_core.verb:set package 'zed_components' build argument 'catkin_cmake_args' from command line to 'None'
[0.913s] Level 5:colcon.colcon_core.verb:set package 'zed_components' build argument 'catkin_skip_building_tests' from command line to 'False'
[0.913s] DEBUG:colcon.colcon_core.verb:Building package 'zed_components' with the following arguments: {'ament_cmake_args': None, 'build_base': '/home/epriauto/ros2_ws/camera/zed-camera-wrapper/build/zed_components', 'catkin_cmake_args': None, 'catkin_skip_building_tests': False, 'cmake_args': ['-DCMAKE_BUILD_TYPE=Release'], 'cmake_clean_cache': False, 'cmake_clean_first': False, 'cmake_force_configure': False, 'cmake_target': None, 'cmake_target_skip_unavailable': False, 'install_base': '/home/epriauto/ros2_ws/camera/zed-camera-wrapper/install/zed_components', 'merge_install': False, 'path': '/home/epriauto/ros2_ws/camera/zed-camera-wrapper/src/zed-ros2-wrapper/zed_components', 'symlink_install': True, 'test_result_base': None}
[0.914s] Level 5:colcon.colcon_core.verb:set package 'zed_wrapper' build argument 'cmake_args' from command line to '['-DCMAKE_BUILD_TYPE=Release']'
[0.914s] Level 5:colcon.colcon_core.verb:set package 'zed_wrapper' build argument 'cmake_target' from command line to 'None'
[0.914s] Level 5:colcon.colcon_core.verb:set package 'zed_wrapper' build argument 'cmake_target_skip_unavailable' from command line to 'False'
[0.914s] Level 5:colcon.colcon_core.verb:set package 'zed_wrapper' build argument 'cmake_clean_cache' from command line to 'False'
[0.914s] Level 5:colcon.colcon_core.verb:set package 'zed_wrapper' build argument 'cmake_clean_first' from command line to 'False'
[0.915s] Level 5:colcon.colcon_core.verb:set package 'zed_wrapper' build argument 'cmake_force_configure' from command line to 'False'
[0.915s] Level 5:colcon.colcon_core.verb:set package 'zed_wrapper' build argument 'ament_cmake_args' from command line to 'None'
[0.915s] Level 5:colcon.colcon_core.verb:set package 'zed_wrapper' build argument 'catkin_cmake_args' from command line to 'None'
[0.915s] Level 5:colcon.colcon_core.verb:set package 'zed_wrapper' build argument 'catkin_skip_building_tests' from command line to 'False'
[0.915s] DEBUG:colcon.colcon_core.verb:Building package 'zed_wrapper' with the following arguments: {'ament_cmake_args': None, 'build_base': '/home/epriauto/ros2_ws/camera/zed-camera-wrapper/build/zed_wrapper', 'catkin_cmake_args': None, 'catkin_skip_building_tests': False, 'cmake_args': ['-DCMAKE_BUILD_TYPE=Release'], 'cmake_clean_cache': False, 'cmake_clean_first': False, 'cmake_force_configure': False, 'cmake_target': None, 'cmake_target_skip_unavailable': False, 'install_base': '/home/epriauto/ros2_ws/camera/zed-camera-wrapper/install/zed_wrapper', 'merge_install': False, 'path': '/home/epriauto/ros2_ws/camera/zed-camera-wrapper/src/zed-ros2-wrapper/zed_wrapper', 'symlink_install': True, 'test_result_base': None}
[0.916s] Level 5:colcon.colcon_core.verb:set package 'zed_ros2' build argument 'cmake_args' from command line to '['-DCMAKE_BUILD_TYPE=Release']'
[0.916s] Level 5:colcon.colcon_core.verb:set package 'zed_ros2' build argument 'cmake_target' from command line to 'None'
[0.916s] Level 5:colcon.colcon_core.verb:set package 'zed_ros2' build argument 'cmake_target_skip_unavailable' from command line to 'False'
[0.916s] Level 5:colcon.colcon_core.verb:set package 'zed_ros2' build argument 'cmake_clean_cache' from command line to 'False'
[0.916s] Level 5:colcon.colcon_core.verb:set package 'zed_ros2' build argument 'cmake_clean_first' from command line to 'False'
[0.916s] Level 5:colcon.colcon_core.verb:set package 'zed_ros2' build argument 'cmake_force_configure' from command line to 'False'
[0.916s] Level 5:colcon.colcon_core.verb:set package 'zed_ros2' build argument 'ament_cmake_args' from command line to 'None'
[0.916s] Level 5:colcon.colcon_core.verb:set package 'zed_ros2' build argument 'catkin_cmake_args' from command line to 'None'
[0.916s] Level 5:colcon.colcon_core.verb:set package 'zed_ros2' build argument 'catkin_skip_building_tests' from command line to 'False'
[0.916s] DEBUG:colcon.colcon_core.verb:Building package 'zed_ros2' with the following arguments: {'ament_cmake_args': None, 'build_base': '/home/epriauto/ros2_ws/camera/zed-camera-wrapper/build/zed_ros2', 'catkin_cmake_args': None, 'catkin_skip_building_tests': False, 'cmake_args': ['-DCMAKE_BUILD_TYPE=Release'], 'cmake_clean_cache': False, 'cmake_clean_first': False, 'cmake_force_configure': False, 'cmake_target': None, 'cmake_target_skip_unavailable': False, 'install_base': '/home/epriauto/ros2_ws/camera/zed-camera-wrapper/install/zed_ros2', 'merge_install': False, 'path': '/home/epriauto/ros2_ws/camera/zed-camera-wrapper/src/zed-ros2-wrapper/zed_ros2', 'symlink_install': True, 'test_result_base': None}
[0.916s] INFO:colcon.colcon_core.executor:Executing jobs using 'parallel' executor
[0.919s] DEBUG:colcon.colcon_parallel_executor.executor.parallel:run_until_complete
[0.919s] INFO:colcon.colcon_ros.task.ament_cmake.build:Building ROS package in '/home/epriauto/ros2_ws/camera/zed-camera-wrapper/src/zed-ros2-wrapper/zed_components' with build type 'ament_cmake'
[0.920s] INFO:colcon.colcon_cmake.task.cmake.build:Building CMake package in '/home/epriauto/ros2_ws/camera/zed-camera-wrapper/src/zed-ros2-wrapper/zed_components'
[0.925s] INFO:colcon.colcon_core.plugin_system:Skipping extension 'colcon_core.shell.bat': Not used on non-Windows systems
[0.925s] INFO:colcon.colcon_core.shell:Skip shell extension 'powershell' for command environment: Not usable outside of PowerShell
[0.926s] DEBUG:colcon.colcon_core.shell:Skip shell extension 'dsv' for command environment
[0.942s] DEBUG:colcon.colcon_core.event_handler.log_command:Invoking command in '/home/epriauto/ros2_ws/camera/zed-camera-wrapper/build/zed_components': CMAKE_PREFIX_PATH=/opt/ros/humble /usr/bin/cmake --build /home/epriauto/ros2_ws/camera/zed-camera-wrapper/build/zed_components -- -j6 -l6
[157.910s] DEBUG:colcon.colcon_core.event_handler.log_command:Invoked command in '/home/epriauto/ros2_ws/camera/zed-camera-wrapper/build/zed_components' returned '0': CMAKE_PREFIX_PATH=/opt/ros/humble /usr/bin/cmake --build /home/epriauto/ros2_ws/camera/zed-camera-wrapper/build/zed_components -- -j6 -l6
[157.936s] DEBUG:colcon.colcon_core.event_handler.log_command:Invoking command in '/home/epriauto/ros2_ws/camera/zed-camera-wrapper/build/zed_components': CMAKE_PREFIX_PATH=/opt/ros/humble /usr/bin/cmake --install /home/epriauto/ros2_ws/camera/zed-camera-wrapper/build/zed_components
[157.983s] Level 1:colcon.colcon_core.environment:create_environment_scripts_only(zed_components)
[157.984s] DEBUG:colcon.colcon_core.event_handler.log_command:Invoked command in '/home/epriauto/ros2_ws/camera/zed-camera-wrapper/build/zed_components' returned '0': CMAKE_PREFIX_PATH=/opt/ros/humble /usr/bin/cmake --install /home/epriauto/ros2_ws/camera/zed-camera-wrapper/build/zed_components
[157.990s] Level 1:colcon.colcon_core.environment:checking '/home/epriauto/ros2_ws/camera/zed-camera-wrapper/install/zed_components' for CMake module files
[157.992s] Level 1:colcon.colcon_core.environment:checking '/home/epriauto/ros2_ws/camera/zed-camera-wrapper/install/zed_components' for CMake config files
[157.992s] Level 1:colcon.colcon_core.shell:create_environment_hook('zed_components', 'cmake_prefix_path')
[157.993s] INFO:colcon.colcon_core.shell:Creating environment hook '/home/epriauto/ros2_ws/camera/zed-camera-wrapper/install/zed_components/share/zed_components/hook/cmake_prefix_path.ps1'
[157.995s] INFO:colcon.colcon_core.shell:Creating environment descriptor '/home/epriauto/ros2_ws/camera/zed-camera-wrapper/install/zed_components/share/zed_components/hook/cmake_prefix_path.dsv'
[157.997s] INFO:colcon.colcon_core.shell:Creating environment hook '/home/epriauto/ros2_ws/camera/zed-camera-wrapper/install/zed_components/share/zed_components/hook/cmake_prefix_path.sh'
[157.999s] Level 1:colcon.colcon_core.environment:checking '/home/epriauto/ros2_ws/camera/zed-camera-wrapper/install/zed_components/lib'
[158.000s] Level 1:colcon.colcon_core.shell:create_environment_hook('zed_components', 'ld_library_path_lib')
[158.001s] INFO:colcon.colcon_core.shell:Creating environment hook '/home/epriauto/ros2_ws/camera/zed-camera-wrapper/install/zed_components/share/zed_components/hook/ld_library_path_lib.ps1'
[158.002s] INFO:colcon.colcon_core.shell:Creating environment descriptor '/home/epriauto/ros2_ws/camera/zed-camera-wrapper/install/zed_components/share/zed_components/hook/ld_library_path_lib.dsv'
[158.003s] INFO:colcon.colcon_core.shell:Creating environment hook '/home/epriauto/ros2_ws/camera/zed-camera-wrapper/install/zed_components/share/zed_components/hook/ld_library_path_lib.sh'
[158.004s] Level 1:colcon.colcon_core.environment:checking '/home/epriauto/ros2_ws/camera/zed-camera-wrapper/install/zed_components/bin'
[158.005s] Level 1:colcon.colcon_core.environment:checking '/home/epriauto/ros2_ws/camera/zed-camera-wrapper/install/zed_components/lib/pkgconfig/zed_components.pc'
[158.006s] Level 1:colcon.colcon_core.environment:checking '/home/epriauto/ros2_ws/camera/zed-camera-wrapper/install/zed_components/lib/python3.10/site-packages'
[158.007s] Level 1:colcon.colcon_core.environment:checking '/home/epriauto/ros2_ws/camera/zed-camera-wrapper/install/zed_components/bin'
[158.008s] INFO:colcon.colcon_core.shell:Creating package script '/home/epriauto/ros2_ws/camera/zed-camera-wrapper/install/zed_components/share/zed_components/package.ps1'
[158.010s] INFO:colcon.colcon_core.shell:Creating package descriptor '/home/epriauto/ros2_ws/camera/zed-camera-wrapper/install/zed_components/share/zed_components/package.dsv'
[158.012s] INFO:colcon.colcon_core.shell:Creating package script '/home/epriauto/ros2_ws/camera/zed-camera-wrapper/install/zed_components/share/zed_components/package.sh'
[158.014s] INFO:colcon.colcon_core.shell:Creating package script '/home/epriauto/ros2_ws/camera/zed-camera-wrapper/install/zed_components/share/zed_components/package.bash'
[158.017s] INFO:colcon.colcon_core.shell:Creating package script '/home/epriauto/ros2_ws/camera/zed-camera-wrapper/install/zed_components/share/zed_components/package.zsh'
[158.020s] Level 1:colcon.colcon_core.environment:create_file_with_runtime_dependencies(/home/epriauto/ros2_ws/camera/zed-camera-wrapper/install/zed_components/share/colcon-core/packages/zed_components)
[158.023s] Level 1:colcon.colcon_core.environment:create_environment_scripts_only(zed_components)
[158.024s] Level 1:colcon.colcon_core.environment:checking '/home/epriauto/ros2_ws/camera/zed-camera-wrapper/install/zed_components' for CMake module files
[158.026s] Level 1:colcon.colcon_core.environment:checking '/home/epriauto/ros2_ws/camera/zed-camera-wrapper/install/zed_components' for CMake config files
[158.026s] Level 1:colcon.colcon_core.shell:create_environment_hook('zed_components', 'cmake_prefix_path')
[158.027s] INFO:colcon.colcon_core.shell:Creating environment hook '/home/epriauto/ros2_ws/camera/zed-camera-wrapper/install/zed_components/share/zed_components/hook/cmake_prefix_path.ps1'
[158.029s] INFO:colcon.colcon_core.shell:Creating environment descriptor '/home/epriauto/ros2_ws/camera/zed-camera-wrapper/install/zed_components/share/zed_components/hook/cmake_prefix_path.dsv'
[158.030s] INFO:colcon.colcon_core.shell:Creating environment hook '/home/epriauto/ros2_ws/camera/zed-camera-wrapper/install/zed_components/share/zed_components/hook/cmake_prefix_path.sh'
[158.031s] Level 1:colcon.colcon_core.environment:checking '/home/epriauto/ros2_ws/camera/zed-camera-wrapper/install/zed_components/lib'
[158.032s] Level 1:colcon.colcon_core.shell:create_environment_hook('zed_components', 'ld_library_path_lib')
[158.032s] INFO:colcon.colcon_core.shell:Creating environment hook '/home/epriauto/ros2_ws/camera/zed-camera-wrapper/install/zed_components/share/zed_components/hook/ld_library_path_lib.ps1'
[158.034s] INFO:colcon.colcon_core.shell:Creating environment descriptor '/home/epriauto/ros2_ws/camera/zed-camera-wrapper/install/zed_components/share/zed_components/hook/ld_library_path_lib.dsv'
[158.034s] INFO:colcon.colcon_core.shell:Creating environment hook '/home/epriauto/ros2_ws/camera/zed-camera-wrapper/install/zed_components/share/zed_components/hook/ld_library_path_lib.sh'
[158.036s] Level 1:colcon.colcon_core.environment:checking '/home/epriauto/ros2_ws/camera/zed-camera-wrapper/install/zed_components/bin'
[158.036s] Level 1:colcon.colcon_core.environment:checking '/home/epriauto/ros2_ws/camera/zed-camera-wrapper/install/zed_components/lib/pkgconfig/zed_components.pc'
[158.036s] Level 1:colcon.colcon_core.environment:checking '/home/epriauto/ros2_ws/camera/zed-camera-wrapper/install/zed_components/lib/python3.10/site-packages'
[158.037s] Level 1:colcon.colcon_core.environment:checking '/home/epriauto/ros2_ws/camera/zed-camera-wrapper/install/zed_components/bin'
[158.038s] INFO:colcon.colcon_core.shell:Creating package script '/home/epriauto/ros2_ws/camera/zed-camera-wrapper/install/zed_components/share/zed_components/package.ps1'
[158.040s] INFO:colcon.colcon_core.shell:Creating package descriptor '/home/epriauto/ros2_ws/camera/zed-camera-wrapper/install/zed_components/share/zed_components/package.dsv'
[158.041s] INFO:colcon.colcon_core.shell:Creating package script '/home/epriauto/ros2_ws/camera/zed-camera-wrapper/install/zed_components/share/zed_components/package.sh'
[158.042s] INFO:colcon.colcon_core.shell:Creating package script '/home/epriauto/ros2_ws/camera/zed-camera-wrapper/install/zed_components/share/zed_components/package.bash'
[158.043s] INFO:colcon.colcon_core.shell:Creating package script '/home/epriauto/ros2_ws/camera/zed-camera-wrapper/install/zed_components/share/zed_components/package.zsh'
[158.044s] Level 1:colcon.colcon_core.environment:create_file_with_runtime_dependencies(/home/epriauto/ros2_ws/camera/zed-camera-wrapper/install/zed_components/share/colcon-core/packages/zed_components)
[158.045s] INFO:colcon.colcon_ros.task.ament_cmake.build:Building ROS package in '/home/epriauto/ros2_ws/camera/zed-camera-wrapper/src/zed-ros2-wrapper/zed_wrapper' with build type 'ament_cmake'
[158.046s] INFO:colcon.colcon_cmake.task.cmake.build:Building CMake package in '/home/epriauto/ros2_ws/camera/zed-camera-wrapper/src/zed-ros2-wrapper/zed_wrapper'
[158.047s] INFO:colcon.colcon_core.shell:Skip shell extension 'powershell' for command environment: Not usable outside of PowerShell
[158.048s] DEBUG:colcon.colcon_core.shell:Skip shell extension 'dsv' for command environment
[158.072s] DEBUG:colcon.colcon_core.event_handler.log_command:Invoking command in '/home/epriauto/ros2_ws/camera/zed-camera-wrapper/build/zed_wrapper': AMENT_PREFIX_PATH=/home/epriauto/ros2_ws/camera/zed-camera-wrapper/install/zed_components:${AMENT_PREFIX_PATH} CMAKE_PREFIX_PATH=/home/epriauto/ros2_ws/camera/zed-camera-wrapper/install/zed_components:/opt/ros/humble LD_LIBRARY_PATH=/home/epriauto/ros2_ws/camera/zed-camera-wrapper/install/zed_components/lib:${LD_LIBRARY_PATH} /usr/bin/cmake --build /home/epriauto/ros2_ws/camera/zed-camera-wrapper/build/zed_wrapper -- -j6 -l6
[158.165s] DEBUG:colcon.colcon_core.event_handler.log_command:Invoked command in '/home/epriauto/ros2_ws/camera/zed-camera-wrapper/build/zed_wrapper' returned '0': AMENT_PREFIX_PATH=/home/epriauto/ros2_ws/camera/zed-camera-wrapper/install/zed_components:${AMENT_PREFIX_PATH} CMAKE_PREFIX_PATH=/home/epriauto/ros2_ws/camera/zed-camera-wrapper/install/zed_components:/opt/ros/humble LD_LIBRARY_PATH=/home/epriauto/ros2_ws/camera/zed-camera-wrapper/install/zed_components/lib:${LD_LIBRARY_PATH} /usr/bin/cmake --build /home/epriauto/ros2_ws/camera/zed-camera-wrapper/build/zed_wrapper -- -j6 -l6
[158.169s] DEBUG:colcon.colcon_core.event_handler.log_command:Invoking command in '/home/epriauto/ros2_ws/camera/zed-camera-wrapper/build/zed_wrapper': AMENT_PREFIX_PATH=/home/epriauto/ros2_ws/camera/zed-camera-wrapper/install/zed_components:${AMENT_PREFIX_PATH} CMAKE_PREFIX_PATH=/home/epriauto/ros2_ws/camera/zed-camera-wrapper/install/zed_components:/opt/ros/humble LD_LIBRARY_PATH=/home/epriauto/ros2_ws/camera/zed-camera-wrapper/install/zed_components/lib:${LD_LIBRARY_PATH} /usr/bin/cmake --install /home/epriauto/ros2_ws/camera/zed-camera-wrapper/build/zed_wrapper
[158.213s] Level 1:colcon.colcon_core.environment:create_environment_scripts_only(zed_wrapper)
[158.215s] Level 1:colcon.colcon_core.environment:checking '/home/epriauto/ros2_ws/camera/zed-camera-wrapper/install/zed_wrapper' for CMake module files
[158.216s] DEBUG:colcon.colcon_core.event_handler.log_command:Invoked command in '/home/epriauto/ros2_ws/camera/zed-camera-wrapper/build/zed_wrapper' returned '0': AMENT_PREFIX_PATH=/home/epriauto/ros2_ws/camera/zed-camera-wrapper/install/zed_components:${AMENT_PREFIX_PATH} CMAKE_PREFIX_PATH=/home/epriauto/ros2_ws/camera/zed-camera-wrapper/install/zed_components:/opt/ros/humble LD_LIBRARY_PATH=/home/epriauto/ros2_ws/camera/zed-camera-wrapper/install/zed_components/lib:${LD_LIBRARY_PATH} /usr/bin/cmake --install /home/epriauto/ros2_ws/camera/zed-camera-wrapper/build/zed_wrapper
[158.217s] Level 1:colcon.colcon_core.environment:checking '/home/epriauto/ros2_ws/camera/zed-camera-wrapper/install/zed_wrapper' for CMake config files
[158.219s] Level 1:colcon.colcon_core.shell:create_environment_hook('zed_wrapper', 'cmake_prefix_path')
[158.219s] INFO:colcon.colcon_core.shell:Creating environment hook '/home/epriauto/ros2_ws/camera/zed-camera-wrapper/install/zed_wrapper/share/zed_wrapper/hook/cmake_prefix_path.ps1'
[158.221s] INFO:colcon.colcon_core.shell:Creating environment descriptor '/home/epriauto/ros2_ws/camera/zed-camera-wrapper/install/zed_wrapper/share/zed_wrapper/hook/cmake_prefix_path.dsv'
[158.222s] INFO:colcon.colcon_core.shell:Creating environment hook '/home/epriauto/ros2_ws/camera/zed-camera-wrapper/install/zed_wrapper/share/zed_wrapper/hook/cmake_prefix_path.sh'
[158.223s] Level 1:colcon.colcon_core.environment:checking '/home/epriauto/ros2_ws/camera/zed-camera-wrapper/install/zed_wrapper/bin'
[158.224s] Level 1:colcon.colcon_core.environment:checking '/home/epriauto/ros2_ws/camera/zed-camera-wrapper/install/zed_wrapper/lib/pkgconfig/zed_wrapper.pc'
[158.224s] Level 1:colcon.colcon_core.environment:checking '/home/epriauto/ros2_ws/camera/zed-camera-wrapper/install/zed_wrapper/lib/python3.10/site-packages'
[158.224s] Level 1:colcon.colcon_core.environment:checking '/home/epriauto/ros2_ws/camera/zed-camera-wrapper/install/zed_wrapper/bin'
[158.225s] INFO:colcon.colcon_core.shell:Creating package script '/home/epriauto/ros2_ws/camera/zed-camera-wrapper/install/zed_wrapper/share/zed_wrapper/package.ps1'
[158.226s] INFO:colcon.colcon_core.shell:Creating package descriptor '/home/epriauto/ros2_ws/camera/zed-camera-wrapper/install/zed_wrapper/share/zed_wrapper/package.dsv'
[158.227s] INFO:colcon.colcon_core.shell:Creating package script '/home/epriauto/ros2_ws/camera/zed-camera-wrapper/install/zed_wrapper/share/zed_wrapper/package.sh'
[158.228s] INFO:colcon.colcon_core.shell:Creating package script '/home/epriauto/ros2_ws/camera/zed-camera-wrapper/install/zed_wrapper/share/zed_wrapper/package.bash'
[158.228s] INFO:colcon.colcon_core.shell:Creating package script '/home/epriauto/ros2_ws/camera/zed-camera-wrapper/install/zed_wrapper/share/zed_wrapper/package.zsh'
[158.229s] Level 1:colcon.colcon_core.environment:create_file_with_runtime_dependencies(/home/epriauto/ros2_ws/camera/zed-camera-wrapper/install/zed_wrapper/share/colcon-core/packages/zed_wrapper)
[158.230s] Level 1:colcon.colcon_core.environment:create_environment_scripts_only(zed_wrapper)
[158.231s] Level 1:colcon.colcon_core.environment:checking '/home/epriauto/ros2_ws/camera/zed-camera-wrapper/install/zed_wrapper' for CMake module files
[158.231s] Level 1:colcon.colcon_core.environment:checking '/home/epriauto/ros2_ws/camera/zed-camera-wrapper/install/zed_wrapper' for CMake config files
[158.232s] Level 1:colcon.colcon_core.shell:create_environment_hook('zed_wrapper', 'cmake_prefix_path')
[158.233s] INFO:colcon.colcon_core.shell:Creating environment hook '/home/epriauto/ros2_ws/camera/zed-camera-wrapper/install/zed_wrapper/share/zed_wrapper/hook/cmake_prefix_path.ps1'
[158.233s] INFO:colcon.colcon_core.shell:Creating environment descriptor '/home/epriauto/ros2_ws/camera/zed-camera-wrapper/install/zed_wrapper/share/zed_wrapper/hook/cmake_prefix_path.dsv'
[158.234s] INFO:colcon.colcon_core.shell:Creating environment hook '/home/epriauto/ros2_ws/camera/zed-camera-wrapper/install/zed_wrapper/share/zed_wrapper/hook/cmake_prefix_path.sh'
[158.235s] Level 1:colcon.colcon_core.environment:checking '/home/epriauto/ros2_ws/camera/zed-camera-wrapper/install/zed_wrapper/bin'
[158.235s] Level 1:colcon.colcon_core.environment:checking '/home/epriauto/ros2_ws/camera/zed-camera-wrapper/install/zed_wrapper/lib/pkgconfig/zed_wrapper.pc'
[158.236s] Level 1:colcon.colcon_core.environment:checking '/home/epriauto/ros2_ws/camera/zed-camera-wrapper/install/zed_wrapper/lib/python3.10/site-packages'
[158.236s] Level 1:colcon.colcon_core.environment:checking '/home/epriauto/ros2_ws/camera/zed-camera-wrapper/install/zed_wrapper/bin'
[158.237s] INFO:colcon.colcon_core.shell:Creating package script '/home/epriauto/ros2_ws/camera/zed-camera-wrapper/install/zed_wrapper/share/zed_wrapper/package.ps1'
[158.238s] INFO:colcon.colcon_core.shell:Creating package descriptor '/home/epriauto/ros2_ws/camera/zed-camera-wrapper/install/zed_wrapper/share/zed_wrapper/package.dsv'
[158.239s] INFO:colcon.colcon_core.shell:Creating package script '/home/epriauto/ros2_ws/camera/zed-camera-wrapper/install/zed_wrapper/share/zed_wrapper/package.sh'
[158.239s] INFO:colcon.colcon_core.shell:Creating package script '/home/epriauto/ros2_ws/camera/zed-camera-wrapper/install/zed_wrapper/share/zed_wrapper/package.bash'
[158.240s] INFO:colcon.colcon_core.shell:Creating package script '/home/epriauto/ros2_ws/camera/zed-camera-wrapper/install/zed_wrapper/share/zed_wrapper/package.zsh'
[158.241s] Level 1:colcon.colcon_core.environment:create_file_with_runtime_dependencies(/home/epriauto/ros2_ws/camera/zed-camera-wrapper/install/zed_wrapper/share/colcon-core/packages/zed_wrapper)
[158.242s] INFO:colcon.colcon_ros.task.ament_cmake.build:Building ROS package in '/home/epriauto/ros2_ws/camera/zed-camera-wrapper/src/zed-ros2-wrapper/zed_ros2' with build type 'ament_cmake'
[158.242s] INFO:colcon.colcon_cmake.task.cmake.build:Building CMake package in '/home/epriauto/ros2_ws/camera/zed-camera-wrapper/src/zed-ros2-wrapper/zed_ros2'
[158.242s] INFO:colcon.colcon_core.shell:Skip shell extension 'powershell' for command environment: Not usable outside of PowerShell
[158.243s] DEBUG:colcon.colcon_core.shell:Skip shell extension 'dsv' for command environment
[158.260s] DEBUG:colcon.colcon_core.event_handler.log_command:Invoking command in '/home/epriauto/ros2_ws/camera/zed-camera-wrapper/build/zed_ros2': AMENT_PREFIX_PATH=/home/epriauto/ros2_ws/camera/zed-camera-wrapper/install/zed_wrapper:/home/epriauto/ros2_ws/camera/zed-camera-wrapper/install/zed_components:${AMENT_PREFIX_PATH} CMAKE_PREFIX_PATH=/home/epriauto/ros2_ws/camera/zed-camera-wrapper/install/zed_wrapper:/home/epriauto/ros2_ws/camera/zed-camera-wrapper/install/zed_components:/opt/ros/humble LD_LIBRARY_PATH=/home/epriauto/ros2_ws/camera/zed-camera-wrapper/install/zed_components/lib:${LD_LIBRARY_PATH} /usr/bin/cmake --build /home/epriauto/ros2_ws/camera/zed-camera-wrapper/build/zed_ros2 -- -j6 -l6
[158.346s] DEBUG:colcon.colcon_core.event_handler.log_command:Invoked command in '/home/epriauto/ros2_ws/camera/zed-camera-wrapper/build/zed_ros2' returned '0': AMENT_PREFIX_PATH=/home/epriauto/ros2_ws/camera/zed-camera-wrapper/install/zed_wrapper:/home/epriauto/ros2_ws/camera/zed-camera-wrapper/install/zed_components:${AMENT_PREFIX_PATH} CMAKE_PREFIX_PATH=/home/epriauto/ros2_ws/camera/zed-camera-wrapper/install/zed_wrapper:/home/epriauto/ros2_ws/camera/zed-camera-wrapper/install/zed_components:/opt/ros/humble LD_LIBRARY_PATH=/home/epriauto/ros2_ws/camera/zed-camera-wrapper/install/zed_components/lib:${LD_LIBRARY_PATH} /usr/bin/cmake --build /home/epriauto/ros2_ws/camera/zed-camera-wrapper/build/zed_ros2 -- -j6 -l6
[158.350s] DEBUG:colcon.colcon_core.event_handler.log_command:Invoking command in '/home/epriauto/ros2_ws/camera/zed-camera-wrapper/build/zed_ros2': AMENT_PREFIX_PATH=/home/epriauto/ros2_ws/camera/zed-camera-wrapper/install/zed_wrapper:/home/epriauto/ros2_ws/camera/zed-camera-wrapper/install/zed_components:${AMENT_PREFIX_PATH} CMAKE_PREFIX_PATH=/home/epriauto/ros2_ws/camera/zed-camera-wrapper/install/zed_wrapper:/home/epriauto/ros2_ws/camera/zed-camera-wrapper/install/zed_components:/opt/ros/humble LD_LIBRARY_PATH=/home/epriauto/ros2_ws/camera/zed-camera-wrapper/install/zed_components/lib:${LD_LIBRARY_PATH} /usr/bin/cmake --install /home/epriauto/ros2_ws/camera/zed-camera-wrapper/build/zed_ros2
[158.391s] Level 1:colcon.colcon_core.environment:create_environment_scripts_only(zed_ros2)
[158.392s] Level 1:colcon.colcon_core.environment:checking '/home/epriauto/ros2_ws/camera/zed-camera-wrapper/install/zed_ros2' for CMake module files
[158.393s] DEBUG:colcon.colcon_core.event_handler.log_command:Invoked command in '/home/epriauto/ros2_ws/camera/zed-camera-wrapper/build/zed_ros2' returned '0': AMENT_PREFIX_PATH=/home/epriauto/ros2_ws/camera/zed-camera-wrapper/install/zed_wrapper:/home/epriauto/ros2_ws/camera/zed-camera-wrapper/install/zed_components:${AMENT_PREFIX_PATH} CMAKE_PREFIX_PATH=/home/epriauto/ros2_ws/camera/zed-camera-wrapper/install/zed_wrapper:/home/epriauto/ros2_ws/camera/zed-camera-wrapper/install/zed_components:/opt/ros/humble LD_LIBRARY_PATH=/home/epriauto/ros2_ws/camera/zed-camera-wrapper/install/zed_components/lib:${LD_LIBRARY_PATH} /usr/bin/cmake --install /home/epriauto/ros2_ws/camera/zed-camera-wrapper/build/zed_ros2
[158.394s] Level 1:colcon.colcon_core.environment:checking '/home/epriauto/ros2_ws/camera/zed-camera-wrapper/install/zed_ros2' for CMake config files
[158.396s] Level 1:colcon.colcon_core.shell:create_environment_hook('zed_ros2', 'cmake_prefix_path')
[158.396s] INFO:colcon.colcon_core.shell:Creating environment hook '/home/epriauto/ros2_ws/camera/zed-camera-wrapper/install/zed_ros2/share/zed_ros2/hook/cmake_prefix_path.ps1'
[158.398s] INFO:colcon.colcon_core.shell:Creating environment descriptor '/home/epriauto/ros2_ws/camera/zed-camera-wrapper/install/zed_ros2/share/zed_ros2/hook/cmake_prefix_path.dsv'
[158.400s] INFO:colcon.colcon_core.shell:Creating environment hook '/home/epriauto/ros2_ws/camera/zed-camera-wrapper/install/zed_ros2/share/zed_ros2/hook/cmake_prefix_path.sh'
[158.402s] Level 1:colcon.colcon_core.environment:checking '/home/epriauto/ros2_ws/camera/zed-camera-wrapper/install/zed_ros2/bin'
[158.403s] Level 1:colcon.colcon_core.environment:checking '/home/epriauto/ros2_ws/camera/zed-camera-wrapper/install/zed_ros2/lib/pkgconfig/zed_ros2.pc'
[158.404s] Level 1:colcon.colcon_core.environment:checking '/home/epriauto/ros2_ws/camera/zed-camera-wrapper/install/zed_ros2/lib/python3.10/site-packages'
[158.404s] Level 1:colcon.colcon_core.environment:checking '/home/epriauto/ros2_ws/camera/zed-camera-wrapper/install/zed_ros2/bin'
[158.406s] INFO:colcon.colcon_core.shell:Creating package script '/home/epriauto/ros2_ws/camera/zed-camera-wrapper/install/zed_ros2/share/zed_ros2/package.ps1'
[158.408s] INFO:colcon.colcon_core.shell:Creating package descriptor '/home/epriauto/ros2_ws/camera/zed-camera-wrapper/install/zed_ros2/share/zed_ros2/package.dsv'
[158.409s] INFO:colcon.colcon_core.shell:Creating package script '/home/epriauto/ros2_ws/camera/zed-camera-wrapper/install/zed_ros2/share/zed_ros2/package.sh'
[158.411s] INFO:colcon.colcon_core.shell:Creating package script '/home/epriauto/ros2_ws/camera/zed-camera-wrapper/install/zed_ros2/share/zed_ros2/package.bash'
[158.412s] INFO:colcon.colcon_core.shell:Creating package script '/home/epriauto/ros2_ws/camera/zed-camera-wrapper/install/zed_ros2/share/zed_ros2/package.zsh'
[158.414s] Level 1:colcon.colcon_core.environment:create_file_with_runtime_dependencies(/home/epriauto/ros2_ws/camera/zed-camera-wrapper/install/zed_ros2/share/colcon-core/packages/zed_ros2)
[158.417s] Level 1:colcon.colcon_core.environment:create_environment_scripts_only(zed_ros2)
[158.418s] Level 1:colcon.colcon_core.environment:checking '/home/epriauto/ros2_ws/camera/zed-camera-wrapper/install/zed_ros2' for CMake module files
[158.423s] Level 1:colcon.colcon_core.environment:checking '/home/epriauto/ros2_ws/camera/zed-camera-wrapper/install/zed_ros2' for CMake config files
[158.424s] Level 1:colcon.colcon_core.shell:create_environment_hook('zed_ros2', 'cmake_prefix_path')
[158.425s] INFO:colcon.colcon_core.shell:Creating environment hook '/home/epriauto/ros2_ws/camera/zed-camera-wrapper/install/zed_ros2/share/zed_ros2/hook/cmake_prefix_path.ps1'
[158.427s] INFO:colcon.colcon_core.shell:Creating environment descriptor '/home/epriauto/ros2_ws/camera/zed-camera-wrapper/install/zed_ros2/share/zed_ros2/hook/cmake_prefix_path.dsv'
[158.429s] INFO:colcon.colcon_core.shell:Creating environment hook '/home/epriauto/ros2_ws/camera/zed-camera-wrapper/install/zed_ros2/share/zed_ros2/hook/cmake_prefix_path.sh'
[158.431s] Level 1:colcon.colcon_core.environment:checking '/home/epriauto/ros2_ws/camera/zed-camera-wrapper/install/zed_ros2/bin'
[158.431s] Level 1:colcon.colcon_core.environment:checking '/home/epriauto/ros2_ws/camera/zed-camera-wrapper/install/zed_ros2/lib/pkgconfig/zed_ros2.pc'
[158.432s] Level 1:colcon.colcon_core.environment:checking '/home/epriauto/ros2_ws/camera/zed-camera-wrapper/install/zed_ros2/lib/python3.10/site-packages'
[158.432s] Level 1:colcon.colcon_core.environment:checking '/home/epriauto/ros2_ws/camera/zed-camera-wrapper/install/zed_ros2/bin'
[158.434s] INFO:colcon.colcon_core.shell:Creating package script '/home/epriauto/ros2_ws/camera/zed-camera-wrapper/install/zed_ros2/share/zed_ros2/package.ps1'
[158.436s] INFO:colcon.colcon_core.shell:Creating package descriptor '/home/epriauto/ros2_ws/camera/zed-camera-wrapper/install/zed_ros2/share/zed_ros2/package.dsv'
[158.437s] INFO:colcon.colcon_core.shell:Creating package script '/home/epriauto/ros2_ws/camera/zed-camera-wrapper/install/zed_ros2/share/zed_ros2/package.sh'
[158.439s] INFO:colcon.colcon_core.shell:Creating package script '/home/epriauto/ros2_ws/camera/zed-camera-wrapper/install/zed_ros2/share/zed_ros2/package.bash'
[158.440s] INFO:colcon.colcon_core.shell:Creating package script '/home/epriauto/ros2_ws/camera/zed-camera-wrapper/install/zed_ros2/share/zed_ros2/package.zsh'
[158.441s] Level 1:colcon.colcon_core.environment:create_file_with_runtime_dependencies(/home/epriauto/ros2_ws/camera/zed-camera-wrapper/install/zed_ros2/share/colcon-core/packages/zed_ros2)
[158.442s] DEBUG:colcon.colcon_parallel_executor.executor.parallel:closing loop
[158.443s] DEBUG:colcon.colcon_parallel_executor.executor.parallel:loop closed
[158.444s] DEBUG:colcon.colcon_parallel_executor.executor.parallel:run_until_complete finished with '0'
[158.444s] DEBUG:colcon.colcon_core.event_reactor:joining thread
[158.457s] INFO:colcon.colcon_core.plugin_system:Skipping extension 'colcon_notification.desktop_notification.terminal_notifier': Not used on non-Darwin systems
[158.457s] INFO:colcon.colcon_core.plugin_system:Skipping extension 'colcon_notification.desktop_notification.win32': Not used on non-Windows systems
[158.457s] INFO:colcon.colcon_notification.desktop_notification:Sending desktop notification using 'notify2'
[158.501s] DEBUG:colcon.colcon_core.event_reactor:joined thread
[158.503s] INFO:colcon.colcon_core.shell:Creating prefix script '/home/epriauto/ros2_ws/camera/zed-camera-wrapper/install/local_setup.ps1'
[158.507s] INFO:colcon.colcon_core.shell:Creating prefix util module '/home/epriauto/ros2_ws/camera/zed-camera-wrapper/install/_local_setup_util_ps1.py'
[158.512s] INFO:colcon.colcon_core.shell:Creating prefix chain script '/home/epriauto/ros2_ws/camera/zed-camera-wrapper/install/setup.ps1'
[158.516s] INFO:colcon.colcon_core.shell:Creating prefix script '/home/epriauto/ros2_ws/camera/zed-camera-wrapper/install/local_setup.sh'
[158.518s] INFO:colcon.colcon_core.shell:Creating prefix util module '/home/epriauto/ros2_ws/camera/zed-camera-wrapper/install/_local_setup_util_sh.py'
[158.520s] INFO:colcon.colcon_core.shell:Creating prefix chain script '/home/epriauto/ros2_ws/camera/zed-camera-wrapper/install/setup.sh'
[158.526s] INFO:colcon.colcon_core.shell:Creating prefix script '/home/epriauto/ros2_ws/camera/zed-camera-wrapper/install/local_setup.bash'
[158.528s] INFO:colcon.colcon_core.shell:Creating prefix chain script '/home/epriauto/ros2_ws/camera/zed-camera-wrapper/install/setup.bash'
[158.532s] INFO:colcon.colcon_core.shell:Creating prefix script '/home/epriauto/ros2_ws/camera/zed-camera-wrapper/install/local_setup.zsh'
[158.534s] INFO:colcon.colcon_core.shell:Creating prefix chain script '/home/epriauto/ros2_ws/camera/zed-camera-wrapper/install/setup.zsh'
