[0.068s] Invoking command in '/home/epriauto/ros2_ws/camera/zed-camera-wrapper/build/zed_topic_benchmark_interfaces': CMAKE_PREFIX_PATH=${CMAKE_PREFIX_PATH}:/opt/ros/humble /usr/bin/cmake /home/epriauto/ros2_ws/camera/zed-camera-wrapper/src/zed-ros2-examples/tools/zed_benchmark_interfaces -DCMAKE_BUILD_TYPE=Release -DAMENT_CMAKE_SYMLINK_INSTALL=1 -DCMAKE_INSTALL_PREFIX=/home/epriauto/ros2_ws/camera/zed-camera-wrapper/install/zed_topic_benchmark_interfaces
[0.188s] -- The C compiler identification is GNU 11.4.0
[0.340s] -- The CXX compiler identification is GNU 11.4.0
[0.363s] -- Detecting C compiler ABI info
[0.523s] -- Detecting C compiler ABI info - done
[0.551s] -- Check for working C compiler: /usr/bin/cc - skipped
[0.552s] -- Detecting C compile features
[0.552s] -- Detecting C compile features - done
[0.564s] -- Detecting CXX compiler ABI info
[0.730s] -- Detecting CXX compiler ABI info - done
[0.746s] -- Check for working CXX compiler: /usr/bin/c++ - skipped
[0.746s] -- Detecting CXX compile features
[0.746s] -- Detecting CXX compile features - done
[0.751s] -- Found ament_cmake_auto: 1.3.11 (/opt/ros/humble/share/ament_cmake_auto/cmake)
[1.149s] -- Found Python3: /usr/bin/python3 (found version "3.10.12") found components: Interpreter 
[1.291s] -- Override CMake install command with custom implementation using symlinks instead of copying resources
[1.606s] -- Found rosidl_generator_c: 3.1.6 (/opt/ros/humble/share/rosidl_generator_c/cmake)
[1.618s] -- Found rosidl_adapter: 3.1.6 (/opt/ros/humble/share/rosidl_adapter/cmake)
[1.636s] -- Found rosidl_generator_cpp: 3.1.6 (/opt/ros/humble/share/rosidl_generator_cpp/cmake)
[1.674s] -- Using all available rosidl_typesupport_c: rosidl_typesupport_fastrtps_c;rosidl_typesupport_introspection_c
[1.702s] -- Using all available rosidl_typesupport_cpp: rosidl_typesupport_fastrtps_cpp;rosidl_typesupport_introspection_cpp
[1.778s] -- Found ament_lint_auto: 0.12.11 (/opt/ros/humble/share/ament_lint_auto/cmake)
[2.312s] -- Found ament_cmake_ros: 0.10.0 (/opt/ros/humble/share/ament_cmake_ros/cmake)
[3.214s] -- Using all available rosidl_typesupport_c: rosidl_typesupport_fastrtps_c;rosidl_typesupport_introspection_c
[3.524s] -- Using all available rosidl_typesupport_cpp: rosidl_typesupport_fastrtps_cpp;rosidl_typesupport_introspection_cpp
[3.588s] -- Found PythonInterp: /usr/bin/python3 (found suitable version "3.10.12", minimum required is "3.6") 
[3.589s] -- Found python_cmake_module: 0.10.0 (/opt/ros/humble/share/python_cmake_module/cmake)
[3.666s] -- Found PythonLibs: /usr/lib/aarch64-linux-gnu/libpython3.10.so (found suitable version "3.10.12", minimum required is "3.5") 
[3.667s] -- Using PYTHON_EXECUTABLE: /usr/bin/python3
[3.668s] -- Using PYTHON_INCLUDE_DIRS: /usr/include/python3.10
[3.668s] -- Using PYTHON_LIBRARIES: /usr/lib/aarch64-linux-gnu/libpython3.10.so
[3.724s] -- Found PythonExtra: .so  
[3.893s] -- Added test 'copyright' to check source files copyright and LICENSE
[3.897s] -- Added test 'lint_cmake' to check CMake code style
[3.899s] -- Added test 'xmllint' to check XML markup files
[3.922s] -- Configuring done
[4.020s] -- Generating done
[4.059s] -- Build files have been written to: /home/epriauto/ros2_ws/camera/zed-camera-wrapper/build/zed_topic_benchmark_interfaces
[4.101s] Invoked command in '/home/epriauto/ros2_ws/camera/zed-camera-wrapper/build/zed_topic_benchmark_interfaces' returned '0': CMAKE_PREFIX_PATH=${CMAKE_PREFIX_PATH}:/opt/ros/humble /usr/bin/cmake /home/epriauto/ros2_ws/camera/zed-camera-wrapper/src/zed-ros2-examples/tools/zed_benchmark_interfaces -DCMAKE_BUILD_TYPE=Release -DAMENT_CMAKE_SYMLINK_INSTALL=1 -DCMAKE_INSTALL_PREFIX=/home/epriauto/ros2_ws/camera/zed-camera-wrapper/install/zed_topic_benchmark_interfaces
[4.102s] Invoking command in '/home/epriauto/ros2_ws/camera/zed-camera-wrapper/build/zed_topic_benchmark_interfaces': CMAKE_PREFIX_PATH=${CMAKE_PREFIX_PATH}:/opt/ros/humble /usr/bin/cmake --build /home/epriauto/ros2_ws/camera/zed-camera-wrapper/build/zed_topic_benchmark_interfaces -- -j6 -l6
[4.266s] [  3%] [34m[1mGenerating C code for ROS interfaces[0m
[4.325s] [  6%] [34m[1mGenerating C++ code for ROS interfaces[0m
[4.344s] [  6%] Built target ament_cmake_python_symlink_zed_topic_benchmark_interfaces
[5.231s] running egg_info
[5.233s] creating zed_topic_benchmark_interfaces.egg-info
[5.234s] writing zed_topic_benchmark_interfaces.egg-info/PKG-INFO
[5.235s] writing dependency_links to zed_topic_benchmark_interfaces.egg-info/dependency_links.txt
[5.235s] writing top-level names to zed_topic_benchmark_interfaces.egg-info/top_level.txt
[5.235s] writing manifest file 'zed_topic_benchmark_interfaces.egg-info/SOURCES.txt'
[5.246s] reading manifest file 'zed_topic_benchmark_interfaces.egg-info/SOURCES.txt'
[5.249s] writing manifest file 'zed_topic_benchmark_interfaces.egg-info/SOURCES.txt'
[5.425s] [  6%] Built target ament_cmake_python_build_zed_topic_benchmark_interfaces_egg
[5.683s] [  6%] Built target zed_topic_benchmark_interfaces__cpp
[5.699s] [  9%] [32mBuilding C object CMakeFiles/zed_topic_benchmark_interfaces__rosidl_generator_c.dir/rosidl_generator_c/zed_topic_benchmark_interfaces/msg/detail/benchmark_stats_stamped__functions.c.o[0m
[5.712s] [ 12%] [34m[1mGenerating C++ type support for eProsima Fast-RTPS[0m
[5.715s] [ 16%] [34m[1mGenerating C++ introspection for ROS interfaces[0m
[5.735s] [ 19%] [34m[1mGenerating C++ type support dispatch for ROS interfaces[0m
[6.269s] [ 22%] [32m[1mLinking C shared library libzed_topic_benchmark_interfaces__rosidl_generator_c.so[0m
[6.507s] [ 22%] Built target zed_topic_benchmark_interfaces__rosidl_generator_c
[6.553s] [ 25%] [34m[1mGenerating C type support for eProsima Fast-RTPS[0m
[6.617s] [ 29%] [34m[1mGenerating C type support dispatch for ROS interfaces[0m
[6.618s] [ 32%] [34m[1mGenerating C introspection for ROS interfaces[0m
[6.701s] [ 35%] [32mBuilding CXX object CMakeFiles/zed_topic_benchmark_interfaces__rosidl_typesupport_fastrtps_cpp.dir/rosidl_typesupport_fastrtps_cpp/zed_topic_benchmark_interfaces/msg/detail/dds_fastrtps/benchmark_stats_stamped__type_support.cpp.o[0m
[6.715s] [ 38%] [32mBuilding CXX object CMakeFiles/zed_topic_benchmark_interfaces__rosidl_typesupport_introspection_cpp.dir/rosidl_typesupport_introspection_cpp/zed_topic_benchmark_interfaces/msg/detail/benchmark_stats_stamped__type_support.cpp.o[0m
[7.422s] [ 41%] [32mBuilding CXX object CMakeFiles/zed_topic_benchmark_interfaces__rosidl_typesupport_cpp.dir/rosidl_typesupport_cpp/zed_topic_benchmark_interfaces/msg/benchmark_stats_stamped__type_support.cpp.o[0m
[7.490s] [ 45%] [32mBuilding CXX object CMakeFiles/zed_topic_benchmark_interfaces__rosidl_typesupport_fastrtps_c.dir/rosidl_typesupport_fastrtps_c/zed_topic_benchmark_interfaces/msg/detail/benchmark_stats_stamped__type_support_c.cpp.o[0m
[7.533s] [ 48%] [32mBuilding C object CMakeFiles/zed_topic_benchmark_interfaces__rosidl_typesupport_introspection_c.dir/rosidl_typesupport_introspection_c/zed_topic_benchmark_interfaces/msg/detail/benchmark_stats_stamped__type_support.c.o[0m
[7.857s] [ 51%] [32m[1mLinking C shared library libzed_topic_benchmark_interfaces__rosidl_typesupport_introspection_c.so[0m
[7.909s] [ 54%] [32m[1mLinking CXX shared library libzed_topic_benchmark_interfaces__rosidl_typesupport_fastrtps_cpp.so[0m
[8.040s] [ 58%] [32mBuilding CXX object CMakeFiles/zed_topic_benchmark_interfaces__rosidl_typesupport_c.dir/rosidl_typesupport_c/zed_topic_benchmark_interfaces/msg/benchmark_stats_stamped__type_support.cpp.o[0m
[8.088s] [ 58%] Built target zed_topic_benchmark_interfaces__rosidl_typesupport_introspection_c
[8.223s] [ 61%] [32m[1mLinking CXX shared library libzed_topic_benchmark_interfaces__rosidl_typesupport_c.so[0m
[8.418s] [ 64%] [32m[1mLinking CXX shared library libzed_topic_benchmark_interfaces__rosidl_typesupport_cpp.so[0m
[8.468s] [ 64%] Built target zed_topic_benchmark_interfaces__rosidl_typesupport_fastrtps_cpp
[8.489s] [ 64%] Built target zed_topic_benchmark_interfaces__rosidl_typesupport_c
[8.585s] [ 64%] Built target zed_topic_benchmark_interfaces__rosidl_typesupport_cpp
[8.601s] [ 67%] [32m[1mLinking CXX shared library libzed_topic_benchmark_interfaces__rosidl_typesupport_introspection_cpp.so[0m
[8.629s] [ 70%] [32m[1mLinking CXX shared library libzed_topic_benchmark_interfaces__rosidl_typesupport_fastrtps_c.so[0m
[8.748s] [ 70%] Built target zed_topic_benchmark_interfaces__rosidl_typesupport_introspection_cpp
[8.861s] [ 70%] Built target zed_topic_benchmark_interfaces__rosidl_typesupport_fastrtps_c
[8.917s] [ 70%] Built target zed_topic_benchmark_interfaces
[8.961s] [ 74%] [34m[1mGenerating Python code for ROS interfaces[0m
[10.152s] [ 74%] Built target zed_topic_benchmark_interfaces__py
[10.335s] [ 77%] [32mBuilding C object CMakeFiles/zed_topic_benchmark_interfaces__rosidl_generator_py.dir/rosidl_generator_py/zed_topic_benchmark_interfaces/msg/_benchmark_stats_stamped_s.c.o[0m
[10.840s] [ 80%] [32m[1mLinking C shared library rosidl_generator_py/zed_topic_benchmark_interfaces/libzed_topic_benchmark_interfaces__rosidl_generator_py.so[0m
[11.032s] [ 80%] Built target zed_topic_benchmark_interfaces__rosidl_generator_py
[11.211s] [ 83%] [32mBuilding C object CMakeFiles/zed_topic_benchmark_interfaces__rosidl_typesupport_introspection_c__pyext.dir/rosidl_generator_py/zed_topic_benchmark_interfaces/_zed_topic_benchmark_interfaces_s.ep.rosidl_typesupport_introspection_c.c.o[0m
[11.235s] [ 90%] [32mBuilding C object CMakeFiles/zed_topic_benchmark_interfaces__rosidl_typesupport_fastrtps_c__pyext.dir/rosidl_generator_py/zed_topic_benchmark_interfaces/_zed_topic_benchmark_interfaces_s.ep.rosidl_typesupport_fastrtps_c.c.o[0m
[11.239s] [ 90%] [32mBuilding C object CMakeFiles/zed_topic_benchmark_interfaces__rosidl_typesupport_c__pyext.dir/rosidl_generator_py/zed_topic_benchmark_interfaces/_zed_topic_benchmark_interfaces_s.ep.rosidl_typesupport_c.c.o[0m
[11.904s] [ 93%] [32m[1mLinking C shared library rosidl_generator_py/zed_topic_benchmark_interfaces/zed_topic_benchmark_interfaces_s__rosidl_typesupport_fastrtps_c.cpython-310-aarch64-linux-gnu.so[0m
[12.226s] [ 96%] [32m[1mLinking C shared library rosidl_generator_py/zed_topic_benchmark_interfaces/zed_topic_benchmark_interfaces_s__rosidl_typesupport_introspection_c.cpython-310-aarch64-linux-gnu.so[0m
[12.268s] [ 96%] Built target zed_topic_benchmark_interfaces__rosidl_typesupport_fastrtps_c__pyext
[12.295s] [100%] [32m[1mLinking C shared library rosidl_generator_py/zed_topic_benchmark_interfaces/zed_topic_benchmark_interfaces_s__rosidl_typesupport_c.cpython-310-aarch64-linux-gnu.so[0m
[12.559s] [100%] Built target zed_topic_benchmark_interfaces__rosidl_typesupport_introspection_c__pyext
[12.568s] [100%] Built target zed_topic_benchmark_interfaces__rosidl_typesupport_c__pyext
[12.665s] Invoked command in '/home/epriauto/ros2_ws/camera/zed-camera-wrapper/build/zed_topic_benchmark_interfaces' returned '0': CMAKE_PREFIX_PATH=${CMAKE_PREFIX_PATH}:/opt/ros/humble /usr/bin/cmake --build /home/epriauto/ros2_ws/camera/zed-camera-wrapper/build/zed_topic_benchmark_interfaces -- -j6 -l6
[12.665s] Invoking command in '/home/epriauto/ros2_ws/camera/zed-camera-wrapper/build/zed_topic_benchmark_interfaces': CMAKE_PREFIX_PATH=${CMAKE_PREFIX_PATH}:/opt/ros/humble /usr/bin/cmake --install /home/epriauto/ros2_ws/camera/zed-camera-wrapper/build/zed_topic_benchmark_interfaces
[13.696s] -- Install configuration: "Release"
[13.696s] -- Execute custom install script
[13.697s] -- Symlinking: /home/epriauto/ros2_ws/camera/zed-camera-wrapper/install/zed_topic_benchmark_interfaces/share/ament_index/resource_index/rosidl_interfaces/zed_topic_benchmark_interfaces
[13.697s] -- Symlinking: /home/epriauto/ros2_ws/camera/zed-camera-wrapper/install/zed_topic_benchmark_interfaces/include/zed_topic_benchmark_interfaces/zed_topic_benchmark_interfaces/msg/benchmark_stats_stamped.h
[13.697s] -- Symlinking: /home/epriauto/ros2_ws/camera/zed-camera-wrapper/install/zed_topic_benchmark_interfaces/include/zed_topic_benchmark_interfaces/zed_topic_benchmark_interfaces/msg/detail/benchmark_stats_stamped__functions.h
[13.697s] -- Symlinking: /home/epriauto/ros2_ws/camera/zed-camera-wrapper/install/zed_topic_benchmark_interfaces/include/zed_topic_benchmark_interfaces/zed_topic_benchmark_interfaces/msg/detail/benchmark_stats_stamped__struct.h
[13.697s] -- Symlinking: /home/epriauto/ros2_ws/camera/zed-camera-wrapper/install/zed_topic_benchmark_interfaces/include/zed_topic_benchmark_interfaces/zed_topic_benchmark_interfaces/msg/detail/benchmark_stats_stamped__type_support.h
[13.697s] -- Symlinking: /home/epriauto/ros2_ws/camera/zed-camera-wrapper/install/zed_topic_benchmark_interfaces/include/zed_topic_benchmark_interfaces/zed_topic_benchmark_interfaces/msg/rosidl_generator_c__visibility_control.h
[13.697s] -- Symlinking: /home/epriauto/ros2_ws/camera/zed-camera-wrapper/install/zed_topic_benchmark_interfaces/share/zed_topic_benchmark_interfaces/environment/library_path.sh
[13.698s] -- Symlinking: /home/epriauto/ros2_ws/camera/zed-camera-wrapper/install/zed_topic_benchmark_interfaces/share/zed_topic_benchmark_interfaces/environment/library_path.dsv
[13.698s] -- Symlinking: /home/epriauto/ros2_ws/camera/zed-camera-wrapper/install/zed_topic_benchmark_interfaces/include/zed_topic_benchmark_interfaces/zed_topic_benchmark_interfaces/msg/detail/benchmark_stats_stamped__rosidl_typesupport_fastrtps_c.h
[13.698s] -- Symlinking: /home/epriauto/ros2_ws/camera/zed-camera-wrapper/install/zed_topic_benchmark_interfaces/include/zed_topic_benchmark_interfaces/zed_topic_benchmark_interfaces/msg/rosidl_typesupport_fastrtps_c__visibility_control.h
[13.698s] -- Symlinking: /home/epriauto/ros2_ws/camera/zed-camera-wrapper/install/zed_topic_benchmark_interfaces/include/zed_topic_benchmark_interfaces/zed_topic_benchmark_interfaces/msg/benchmark_stats_stamped.hpp
[13.698s] -- Symlinking: /home/epriauto/ros2_ws/camera/zed-camera-wrapper/install/zed_topic_benchmark_interfaces/include/zed_topic_benchmark_interfaces/zed_topic_benchmark_interfaces/msg/detail/benchmark_stats_stamped__builder.hpp
[13.698s] -- Symlinking: /home/epriauto/ros2_ws/camera/zed-camera-wrapper/install/zed_topic_benchmark_interfaces/include/zed_topic_benchmark_interfaces/zed_topic_benchmark_interfaces/msg/detail/benchmark_stats_stamped__struct.hpp
[13.698s] -- Symlinking: /home/epriauto/ros2_ws/camera/zed-camera-wrapper/install/zed_topic_benchmark_interfaces/include/zed_topic_benchmark_interfaces/zed_topic_benchmark_interfaces/msg/detail/benchmark_stats_stamped__traits.hpp
[13.698s] -- Symlinking: /home/epriauto/ros2_ws/camera/zed-camera-wrapper/install/zed_topic_benchmark_interfaces/include/zed_topic_benchmark_interfaces/zed_topic_benchmark_interfaces/msg/detail/benchmark_stats_stamped__type_support.hpp
[13.705s] -- Symlinking: /home/epriauto/ros2_ws/camera/zed-camera-wrapper/install/zed_topic_benchmark_interfaces/include/zed_topic_benchmark_interfaces/zed_topic_benchmark_interfaces/msg/rosidl_generator_cpp__visibility_control.hpp
[13.717s] -- Symlinking: /home/epriauto/ros2_ws/camera/zed-camera-wrapper/install/zed_topic_benchmark_interfaces/include/zed_topic_benchmark_interfaces/zed_topic_benchmark_interfaces/msg/detail/benchmark_stats_stamped__rosidl_typesupport_fastrtps_cpp.hpp
[13.717s] -- Symlinking: /home/epriauto/ros2_ws/camera/zed-camera-wrapper/install/zed_topic_benchmark_interfaces/include/zed_topic_benchmark_interfaces/zed_topic_benchmark_interfaces/msg/rosidl_typesupport_fastrtps_cpp__visibility_control.h
[13.718s] -- Symlinking: /home/epriauto/ros2_ws/camera/zed-camera-wrapper/install/zed_topic_benchmark_interfaces/include/zed_topic_benchmark_interfaces/zed_topic_benchmark_interfaces/msg/detail/benchmark_stats_stamped__rosidl_typesupport_introspection_c.h
[13.748s] -- Symlinking: /home/epriauto/ros2_ws/camera/zed-camera-wrapper/install/zed_topic_benchmark_interfaces/include/zed_topic_benchmark_interfaces/zed_topic_benchmark_interfaces/msg/rosidl_typesupport_introspection_c__visibility_control.h
[13.835s] -- Symlinking: /home/epriauto/ros2_ws/camera/zed-camera-wrapper/install/zed_topic_benchmark_interfaces/include/zed_topic_benchmark_interfaces/zed_topic_benchmark_interfaces/msg/detail/benchmark_stats_stamped__rosidl_typesupport_introspection_cpp.hpp
[13.900s] -- Symlinking: /home/epriauto/ros2_ws/camera/zed-camera-wrapper/install/zed_topic_benchmark_interfaces/share/zed_topic_benchmark_interfaces/environment/pythonpath.sh
[13.944s] -- Symlinking: /home/epriauto/ros2_ws/camera/zed-camera-wrapper/install/zed_topic_benchmark_interfaces/share/zed_topic_benchmark_interfaces/environment/pythonpath.dsv
[13.969s] -- Symlinking: /home/epriauto/ros2_ws/camera/zed-camera-wrapper/install/zed_topic_benchmark_interfaces/local/lib/python3.10/dist-packages/zed_topic_benchmark_interfaces-5.0.0-py3.10.egg-info/PKG-INFO
[13.996s] -- Symlinking: /home/epriauto/ros2_ws/camera/zed-camera-wrapper/install/zed_topic_benchmark_interfaces/local/lib/python3.10/dist-packages/zed_topic_benchmark_interfaces-5.0.0-py3.10.egg-info/SOURCES.txt
[14.075s] -- Symlinking: /home/epriauto/ros2_ws/camera/zed-camera-wrapper/install/zed_topic_benchmark_interfaces/local/lib/python3.10/dist-packages/zed_topic_benchmark_interfaces-5.0.0-py3.10.egg-info/dependency_links.txt
[14.123s] -- Symlinking: /home/epriauto/ros2_ws/camera/zed-camera-wrapper/install/zed_topic_benchmark_interfaces/local/lib/python3.10/dist-packages/zed_topic_benchmark_interfaces-5.0.0-py3.10.egg-info/top_level.txt
[14.158s] -- Symlinking: /home/epriauto/ros2_ws/camera/zed-camera-wrapper/install/zed_topic_benchmark_interfaces/local/lib/python3.10/dist-packages/zed_topic_benchmark_interfaces/__init__.py
[14.211s] -- Symlinking: /home/epriauto/ros2_ws/camera/zed-camera-wrapper/install/zed_topic_benchmark_interfaces/local/lib/python3.10/dist-packages/zed_topic_benchmark_interfaces/_zed_topic_benchmark_interfaces_s.ep.rosidl_typesupport_c.c
[14.297s] -- Symlinking: /home/epriauto/ros2_ws/camera/zed-camera-wrapper/install/zed_topic_benchmark_interfaces/local/lib/python3.10/dist-packages/zed_topic_benchmark_interfaces/_zed_topic_benchmark_interfaces_s.ep.rosidl_typesupport_fastrtps_c.c
[14.376s] -- Symlinking: /home/epriauto/ros2_ws/camera/zed-camera-wrapper/install/zed_topic_benchmark_interfaces/local/lib/python3.10/dist-packages/zed_topic_benchmark_interfaces/_zed_topic_benchmark_interfaces_s.ep.rosidl_typesupport_introspection_c.c
[14.423s] -- Symlinking: /home/epriauto/ros2_ws/camera/zed-camera-wrapper/install/zed_topic_benchmark_interfaces/local/lib/python3.10/dist-packages/zed_topic_benchmark_interfaces/libzed_topic_benchmark_interfaces__rosidl_generator_py.so
[14.482s] -- Symlinking: /home/epriauto/ros2_ws/camera/zed-camera-wrapper/install/zed_topic_benchmark_interfaces/local/lib/python3.10/dist-packages/zed_topic_benchmark_interfaces/msg/__init__.py
[14.520s] -- Symlinking: /home/epriauto/ros2_ws/camera/zed-camera-wrapper/install/zed_topic_benchmark_interfaces/local/lib/python3.10/dist-packages/zed_topic_benchmark_interfaces/msg/_benchmark_stats_stamped.py
[14.584s] -- Symlinking: /home/epriauto/ros2_ws/camera/zed-camera-wrapper/install/zed_topic_benchmark_interfaces/local/lib/python3.10/dist-packages/zed_topic_benchmark_interfaces/msg/_benchmark_stats_stamped_s.c
[14.633s] -- Symlinking: /home/epriauto/ros2_ws/camera/zed-camera-wrapper/install/zed_topic_benchmark_interfaces/local/lib/python3.10/dist-packages/zed_topic_benchmark_interfaces/zed_topic_benchmark_interfaces_s__rosidl_typesupport_c.cpython-310-aarch64-linux-gnu.so
[14.684s] -- Symlinking: /home/epriauto/ros2_ws/camera/zed-camera-wrapper/install/zed_topic_benchmark_interfaces/local/lib/python3.10/dist-packages/zed_topic_benchmark_interfaces/zed_topic_benchmark_interfaces_s__rosidl_typesupport_fastrtps_c.cpython-310-aarch64-linux-gnu.so
[14.725s] -- Symlinking: /home/epriauto/ros2_ws/camera/zed-camera-wrapper/install/zed_topic_benchmark_interfaces/local/lib/python3.10/dist-packages/zed_topic_benchmark_interfaces/zed_topic_benchmark_interfaces_s__rosidl_typesupport_introspection_c.cpython-310-aarch64-linux-gnu.so
[14.769s] -- Up-to-date symlink: /home/epriauto/ros2_ws/camera/zed-camera-wrapper/install/zed_topic_benchmark_interfaces/local/lib/python3.10/dist-packages/zed_topic_benchmark_interfaces/zed_topic_benchmark_interfaces_s__rosidl_typesupport_fastrtps_c.cpython-310-aarch64-linux-gnu.so
[14.770s] -- Up-to-date symlink: /home/epriauto/ros2_ws/camera/zed-camera-wrapper/install/zed_topic_benchmark_interfaces/local/lib/python3.10/dist-packages/zed_topic_benchmark_interfaces/zed_topic_benchmark_interfaces_s__rosidl_typesupport_introspection_c.cpython-310-aarch64-linux-gnu.so
[14.770s] -- Up-to-date symlink: /home/epriauto/ros2_ws/camera/zed-camera-wrapper/install/zed_topic_benchmark_interfaces/local/lib/python3.10/dist-packages/zed_topic_benchmark_interfaces/zed_topic_benchmark_interfaces_s__rosidl_typesupport_c.cpython-310-aarch64-linux-gnu.so
[14.771s] -- Symlinking: /home/epriauto/ros2_ws/camera/zed-camera-wrapper/install/zed_topic_benchmark_interfaces/share/zed_topic_benchmark_interfaces/msg/BenchmarkStatsStamped.idl
[14.834s] -- Symlinking: /home/epriauto/ros2_ws/camera/zed-camera-wrapper/install/zed_topic_benchmark_interfaces/share/zed_topic_benchmark_interfaces/msg/BenchmarkStatsStamped.msg
[14.875s] -- Symlinking: /home/epriauto/ros2_ws/camera/zed-camera-wrapper/install/zed_topic_benchmark_interfaces/share/ament_index/resource_index/package_run_dependencies/zed_topic_benchmark_interfaces
[14.928s] -- Symlinking: /home/epriauto/ros2_ws/camera/zed-camera-wrapper/install/zed_topic_benchmark_interfaces/share/ament_index/resource_index/parent_prefix_path/zed_topic_benchmark_interfaces
[14.969s] -- Symlinking: /home/epriauto/ros2_ws/camera/zed-camera-wrapper/install/zed_topic_benchmark_interfaces/share/zed_topic_benchmark_interfaces/environment/ament_prefix_path.sh
[15.046s] -- Symlinking: /home/epriauto/ros2_ws/camera/zed-camera-wrapper/install/zed_topic_benchmark_interfaces/share/zed_topic_benchmark_interfaces/environment/ament_prefix_path.dsv
[15.115s] -- Symlinking: /home/epriauto/ros2_ws/camera/zed-camera-wrapper/install/zed_topic_benchmark_interfaces/share/zed_topic_benchmark_interfaces/environment/path.sh
[15.169s] -- Symlinking: /home/epriauto/ros2_ws/camera/zed-camera-wrapper/install/zed_topic_benchmark_interfaces/share/zed_topic_benchmark_interfaces/environment/path.dsv
[15.231s] -- Symlinking: /home/epriauto/ros2_ws/camera/zed-camera-wrapper/install/zed_topic_benchmark_interfaces/share/zed_topic_benchmark_interfaces/local_setup.bash
[15.267s] -- Symlinking: /home/epriauto/ros2_ws/camera/zed-camera-wrapper/install/zed_topic_benchmark_interfaces/share/zed_topic_benchmark_interfaces/local_setup.sh
[15.331s] -- Symlinking: /home/epriauto/ros2_ws/camera/zed-camera-wrapper/install/zed_topic_benchmark_interfaces/share/zed_topic_benchmark_interfaces/local_setup.zsh
[15.373s] -- Symlinking: /home/epriauto/ros2_ws/camera/zed-camera-wrapper/install/zed_topic_benchmark_interfaces/share/zed_topic_benchmark_interfaces/local_setup.dsv
[15.452s] -- Symlinking: /home/epriauto/ros2_ws/camera/zed-camera-wrapper/install/zed_topic_benchmark_interfaces/share/zed_topic_benchmark_interfaces/package.dsv
[15.485s] -- Symlinking: /home/epriauto/ros2_ws/camera/zed-camera-wrapper/install/zed_topic_benchmark_interfaces/share/ament_index/resource_index/packages/zed_topic_benchmark_interfaces
[15.551s] -- Symlinking: /home/epriauto/ros2_ws/camera/zed-camera-wrapper/install/zed_topic_benchmark_interfaces/share/zed_topic_benchmark_interfaces/cmake/rosidl_cmake-extras.cmake
[15.627s] -- Symlinking: /home/epriauto/ros2_ws/camera/zed-camera-wrapper/install/zed_topic_benchmark_interfaces/share/zed_topic_benchmark_interfaces/cmake/ament_cmake_export_dependencies-extras.cmake
[15.669s] -- Symlinking: /home/epriauto/ros2_ws/camera/zed-camera-wrapper/install/zed_topic_benchmark_interfaces/share/zed_topic_benchmark_interfaces/cmake/ament_cmake_export_include_directories-extras.cmake
[15.725s] -- Symlinking: /home/epriauto/ros2_ws/camera/zed-camera-wrapper/install/zed_topic_benchmark_interfaces/share/zed_topic_benchmark_interfaces/cmake/ament_cmake_export_libraries-extras.cmake
[15.764s] -- Symlinking: /home/epriauto/ros2_ws/camera/zed-camera-wrapper/install/zed_topic_benchmark_interfaces/share/zed_topic_benchmark_interfaces/cmake/ament_cmake_export_targets-extras.cmake
[15.782s] -- Symlinking: /home/epriauto/ros2_ws/camera/zed-camera-wrapper/install/zed_topic_benchmark_interfaces/share/zed_topic_benchmark_interfaces/cmake/rosidl_cmake_export_typesupport_targets-extras.cmake
[15.825s] -- Symlinking: /home/epriauto/ros2_ws/camera/zed-camera-wrapper/install/zed_topic_benchmark_interfaces/share/zed_topic_benchmark_interfaces/cmake/rosidl_cmake_export_typesupport_libraries-extras.cmake
[15.856s] -- Symlinking: /home/epriauto/ros2_ws/camera/zed-camera-wrapper/install/zed_topic_benchmark_interfaces/share/zed_topic_benchmark_interfaces/cmake/zed_topic_benchmark_interfacesConfig.cmake
[15.878s] -- Symlinking: /home/epriauto/ros2_ws/camera/zed-camera-wrapper/install/zed_topic_benchmark_interfaces/share/zed_topic_benchmark_interfaces/cmake/zed_topic_benchmark_interfacesConfig-version.cmake
[15.926s] -- Symlinking: /home/epriauto/ros2_ws/camera/zed-camera-wrapper/install/zed_topic_benchmark_interfaces/share/zed_topic_benchmark_interfaces/package.xml
[15.983s] -- Installing: /home/epriauto/ros2_ws/camera/zed-camera-wrapper/install/zed_topic_benchmark_interfaces/lib/libzed_topic_benchmark_interfaces__rosidl_generator_c.so
[15.984s] -- Set runtime path of "/home/epriauto/ros2_ws/camera/zed-camera-wrapper/install/zed_topic_benchmark_interfaces/lib/libzed_topic_benchmark_interfaces__rosidl_generator_c.so" to ""
[15.984s] -- Installing: /home/epriauto/ros2_ws/camera/zed-camera-wrapper/install/zed_topic_benchmark_interfaces/lib/libzed_topic_benchmark_interfaces__rosidl_typesupport_fastrtps_c.so
[15.984s] -- Set runtime path of "/home/epriauto/ros2_ws/camera/zed-camera-wrapper/install/zed_topic_benchmark_interfaces/lib/libzed_topic_benchmark_interfaces__rosidl_typesupport_fastrtps_c.so" to ""
[15.984s] -- Installing: /home/epriauto/ros2_ws/camera/zed-camera-wrapper/install/zed_topic_benchmark_interfaces/lib/libzed_topic_benchmark_interfaces__rosidl_typesupport_fastrtps_cpp.so
[15.984s] -- Set runtime path of "/home/epriauto/ros2_ws/camera/zed-camera-wrapper/install/zed_topic_benchmark_interfaces/lib/libzed_topic_benchmark_interfaces__rosidl_typesupport_fastrtps_cpp.so" to ""
[15.984s] -- Installing: /home/epriauto/ros2_ws/camera/zed-camera-wrapper/install/zed_topic_benchmark_interfaces/lib/libzed_topic_benchmark_interfaces__rosidl_typesupport_introspection_c.so
[15.984s] -- Set runtime path of "/home/epriauto/ros2_ws/camera/zed-camera-wrapper/install/zed_topic_benchmark_interfaces/lib/libzed_topic_benchmark_interfaces__rosidl_typesupport_introspection_c.so" to ""
[15.985s] -- Installing: /home/epriauto/ros2_ws/camera/zed-camera-wrapper/install/zed_topic_benchmark_interfaces/lib/libzed_topic_benchmark_interfaces__rosidl_typesupport_c.so
[15.985s] -- Set runtime path of "/home/epriauto/ros2_ws/camera/zed-camera-wrapper/install/zed_topic_benchmark_interfaces/lib/libzed_topic_benchmark_interfaces__rosidl_typesupport_c.so" to ""
[15.985s] -- Installing: /home/epriauto/ros2_ws/camera/zed-camera-wrapper/install/zed_topic_benchmark_interfaces/lib/libzed_topic_benchmark_interfaces__rosidl_typesupport_introspection_cpp.so
[15.985s] -- Set runtime path of "/home/epriauto/ros2_ws/camera/zed-camera-wrapper/install/zed_topic_benchmark_interfaces/lib/libzed_topic_benchmark_interfaces__rosidl_typesupport_introspection_cpp.so" to ""
[15.985s] -- Installing: /home/epriauto/ros2_ws/camera/zed-camera-wrapper/install/zed_topic_benchmark_interfaces/lib/libzed_topic_benchmark_interfaces__rosidl_typesupport_cpp.so
[15.985s] -- Set runtime path of "/home/epriauto/ros2_ws/camera/zed-camera-wrapper/install/zed_topic_benchmark_interfaces/lib/libzed_topic_benchmark_interfaces__rosidl_typesupport_cpp.so" to ""
[16.194s] Listing '/home/epriauto/ros2_ws/camera/zed-camera-wrapper/install/zed_topic_benchmark_interfaces/local/lib/python3.10/dist-packages/zed_topic_benchmark_interfaces'...
[16.195s] Compiling '/home/epriauto/ros2_ws/camera/zed-camera-wrapper/install/zed_topic_benchmark_interfaces/local/lib/python3.10/dist-packages/zed_topic_benchmark_interfaces/__init__.py'...
[16.195s] Listing '/home/epriauto/ros2_ws/camera/zed-camera-wrapper/install/zed_topic_benchmark_interfaces/local/lib/python3.10/dist-packages/zed_topic_benchmark_interfaces/msg'...
[16.195s] Compiling '/home/epriauto/ros2_ws/camera/zed-camera-wrapper/install/zed_topic_benchmark_interfaces/local/lib/python3.10/dist-packages/zed_topic_benchmark_interfaces/msg/__init__.py'...
[16.195s] Compiling '/home/epriauto/ros2_ws/camera/zed-camera-wrapper/install/zed_topic_benchmark_interfaces/local/lib/python3.10/dist-packages/zed_topic_benchmark_interfaces/msg/_benchmark_stats_stamped.py'...
[16.232s] -- Installing: /home/epriauto/ros2_ws/camera/zed-camera-wrapper/install/zed_topic_benchmark_interfaces/lib/libzed_topic_benchmark_interfaces__rosidl_generator_py.so
[16.232s] -- Set runtime path of "/home/epriauto/ros2_ws/camera/zed-camera-wrapper/install/zed_topic_benchmark_interfaces/lib/libzed_topic_benchmark_interfaces__rosidl_generator_py.so" to ""
[16.232s] -- Installing: /home/epriauto/ros2_ws/camera/zed-camera-wrapper/install/zed_topic_benchmark_interfaces/share/zed_topic_benchmark_interfaces/cmake/export_zed_topic_benchmark_interfaces__rosidl_generator_cExport.cmake
[16.232s] -- Installing: /home/epriauto/ros2_ws/camera/zed-camera-wrapper/install/zed_topic_benchmark_interfaces/share/zed_topic_benchmark_interfaces/cmake/export_zed_topic_benchmark_interfaces__rosidl_generator_cExport-release.cmake
[16.232s] -- Installing: /home/epriauto/ros2_ws/camera/zed-camera-wrapper/install/zed_topic_benchmark_interfaces/share/zed_topic_benchmark_interfaces/cmake/export_zed_topic_benchmark_interfaces__rosidl_typesupport_fastrtps_cExport.cmake
[16.233s] -- Installing: /home/epriauto/ros2_ws/camera/zed-camera-wrapper/install/zed_topic_benchmark_interfaces/share/zed_topic_benchmark_interfaces/cmake/export_zed_topic_benchmark_interfaces__rosidl_typesupport_fastrtps_cExport-release.cmake
[16.233s] -- Installing: /home/epriauto/ros2_ws/camera/zed-camera-wrapper/install/zed_topic_benchmark_interfaces/share/zed_topic_benchmark_interfaces/cmake/export_zed_topic_benchmark_interfaces__rosidl_generator_cppExport.cmake
[16.237s] -- Installing: /home/epriauto/ros2_ws/camera/zed-camera-wrapper/install/zed_topic_benchmark_interfaces/share/zed_topic_benchmark_interfaces/cmake/export_zed_topic_benchmark_interfaces__rosidl_typesupport_fastrtps_cppExport.cmake
[16.237s] -- Installing: /home/epriauto/ros2_ws/camera/zed-camera-wrapper/install/zed_topic_benchmark_interfaces/share/zed_topic_benchmark_interfaces/cmake/export_zed_topic_benchmark_interfaces__rosidl_typesupport_fastrtps_cppExport-release.cmake
[16.237s] -- Installing: /home/epriauto/ros2_ws/camera/zed-camera-wrapper/install/zed_topic_benchmark_interfaces/share/zed_topic_benchmark_interfaces/cmake/zed_topic_benchmark_interfaces__rosidl_typesupport_introspection_cExport.cmake
[16.243s] -- Installing: /home/epriauto/ros2_ws/camera/zed-camera-wrapper/install/zed_topic_benchmark_interfaces/share/zed_topic_benchmark_interfaces/cmake/zed_topic_benchmark_interfaces__rosidl_typesupport_introspection_cExport-release.cmake
[16.243s] -- Installing: /home/epriauto/ros2_ws/camera/zed-camera-wrapper/install/zed_topic_benchmark_interfaces/share/zed_topic_benchmark_interfaces/cmake/zed_topic_benchmark_interfaces__rosidl_typesupport_cExport.cmake
[16.243s] -- Installing: /home/epriauto/ros2_ws/camera/zed-camera-wrapper/install/zed_topic_benchmark_interfaces/share/zed_topic_benchmark_interfaces/cmake/zed_topic_benchmark_interfaces__rosidl_typesupport_cExport-release.cmake
[16.245s] -- Installing: /home/epriauto/ros2_ws/camera/zed-camera-wrapper/install/zed_topic_benchmark_interfaces/share/zed_topic_benchmark_interfaces/cmake/zed_topic_benchmark_interfaces__rosidl_typesupport_introspection_cppExport.cmake
[16.245s] -- Installing: /home/epriauto/ros2_ws/camera/zed-camera-wrapper/install/zed_topic_benchmark_interfaces/share/zed_topic_benchmark_interfaces/cmake/zed_topic_benchmark_interfaces__rosidl_typesupport_introspection_cppExport-release.cmake
[16.245s] -- Installing: /home/epriauto/ros2_ws/camera/zed-camera-wrapper/install/zed_topic_benchmark_interfaces/share/zed_topic_benchmark_interfaces/cmake/zed_topic_benchmark_interfaces__rosidl_typesupport_cppExport.cmake
[16.245s] -- Installing: /home/epriauto/ros2_ws/camera/zed-camera-wrapper/install/zed_topic_benchmark_interfaces/share/zed_topic_benchmark_interfaces/cmake/zed_topic_benchmark_interfaces__rosidl_typesupport_cppExport-release.cmake
[16.245s] -- Installing: /home/epriauto/ros2_ws/camera/zed-camera-wrapper/install/zed_topic_benchmark_interfaces/share/zed_topic_benchmark_interfaces/cmake/export_zed_topic_benchmark_interfaces__rosidl_generator_pyExport.cmake
[16.245s] -- Installing: /home/epriauto/ros2_ws/camera/zed-camera-wrapper/install/zed_topic_benchmark_interfaces/share/zed_topic_benchmark_interfaces/cmake/export_zed_topic_benchmark_interfaces__rosidl_generator_pyExport-release.cmake
[16.279s] Invoked command in '/home/epriauto/ros2_ws/camera/zed-camera-wrapper/build/zed_topic_benchmark_interfaces' returned '0': CMAKE_PREFIX_PATH=${CMAKE_PREFIX_PATH}:/opt/ros/humble /usr/bin/cmake --install /home/epriauto/ros2_ws/camera/zed-camera-wrapper/build/zed_topic_benchmark_interfaces
