[0.020s] Invoking command in '/home/epriauto/ros2_ws/camera/zed-camera-wrapper/build/zed_components': CMAKE_PREFIX_PATH=/opt/ros/humble /usr/bin/cmake /home/epriauto/ros2_ws/camera/zed-camera-wrapper/src/zed-ros2-wrapper/zed_components -DCMAKE_BUILD_TYPE=Release -DAMENT_CMAKE_SYMLINK_INSTALL=1 -DCMAKE_INSTALL_PREFIX=/home/epriauto/ros2_ws/camera/zed-camera-wrapper/install/zed_components
[0.249s] -- The C compiler identification is GNU 11.4.0
[0.410s] -- The CXX compiler identification is GNU 11.4.0
[0.442s] -- Detecting C compiler ABI info
[0.600s] -- Detecting C compiler ABI info - done
[0.625s] -- Check for working C compiler: /usr/bin/cc - skipped
[0.626s] -- Detecting C compile features
[0.628s] -- Detecting C compile features - done
[0.638s] -- Detecting CXX compiler ABI info
[0.809s] -- Detecting CXX compiler ABI info - done
[0.827s] -- Check for working CXX compiler: /usr/bin/c++ - skipped
[0.828s] -- Detecting CXX compile features
[0.830s] -- Detecting CXX compile features - done
[0.844s] -- Looking for sgemm_
[0.997s] -- Looking for sgemm_ - not found
[1.001s] -- Looking for pthread.h
[1.170s] -- Looking for pthread.h - found
[1.170s] -- Performing Test CMAKE_HAVE_LIBC_PTHREAD
[1.328s] -- Performing Test CMAKE_HAVE_LIBC_PTHREAD - Success
[1.333s] -- Found Threads: TRUE  
[1.409s] -- Looking for sgemm_
[1.608s] -- Looking for sgemm_ - found
[1.610s] -- Found BLAS: /usr/lib/aarch64-linux-gnu/libopenblas.so  
[1.687s] -- Found CUDA: /usr/local/cuda (found suitable version "12.6", minimum required is "12.6") 
[1.754s] -- Found CUDA: /usr/local/cuda (found version "12.6") 
[1.760s] -- Found ament_cmake_auto: 1.3.11 (/opt/ros/humble/share/ament_cmake_auto/cmake)
[2.120s] -- Found Python3: /usr/bin/python3 (found version "3.10.12") found components: Interpreter 
[2.276s] -- Override CMake install command with custom implementation using symlinks instead of copying resources
[2.579s] -- Found rosidl_generator_c: 3.1.6 (/opt/ros/humble/share/rosidl_generator_c/cmake)
[2.589s] -- Found rosidl_adapter: 3.1.6 (/opt/ros/humble/share/rosidl_adapter/cmake)
[2.607s] -- Found rosidl_generator_cpp: 3.1.6 (/opt/ros/humble/share/rosidl_generator_cpp/cmake)
[2.631s] -- Using all available rosidl_typesupport_c: rosidl_typesupport_fastrtps_c;rosidl_typesupport_introspection_c
[2.665s] -- Using all available rosidl_typesupport_cpp: rosidl_typesupport_fastrtps_cpp;rosidl_typesupport_introspection_cpp
[2.893s] -- Found rmw_implementation_cmake: 6.1.2 (/opt/ros/humble/share/rmw_implementation_cmake/cmake)
[2.900s] -- Found rmw_fastrtps_cpp: 6.2.7 (/opt/ros/humble/share/rmw_fastrtps_cpp/cmake)
[3.055s] -- Found OpenSSL: /usr/lib/aarch64-linux-gnu/libcrypto.so (found version "3.0.2")  
[3.115s] -- Found FastRTPS: /opt/ros/humble/include  
[3.196s] -- Using RMW implementation 'rmw_fastrtps_cpp' as default
[3.696s] -- Found eigen3_cmake_module: 0.1.1 (/opt/ros/humble/share/eigen3_cmake_module/cmake)
[3.698s] -- Found Eigen3: TRUE (found version "3.4.0") 
[3.699s] -- Ensuring Eigen3 include directory is part of orocos-kdl CMake target
[3.938s] -- Found ament_lint_auto: 0.12.11 (/opt/ros/humble/share/ament_lint_auto/cmake)
[4.005s] -- Added test 'copyright' to check source files copyright and LICENSE
[4.008s] -- Added test 'cppcheck' to perform static code analysis on C / C++ code
[4.009s] -- Configured cppcheck include dirs: /home/epriauto/ros2_ws/camera/zed-camera-wrapper/src/zed-ros2-wrapper/zed_components/src/include;/home/epriauto/ros2_ws/camera/zed-camera-wrapper/src/zed-ros2-wrapper/zed_components/src/zed_camera/include;/home/epriauto/ros2_ws/camera/zed-camera-wrapper/src/zed-ros2-wrapper/zed_components/src/tools/include
[4.009s] -- Configured cppcheck exclude dirs and/or files: 
[4.010s] -- Added test 'lint_cmake' to check CMake code style
[4.013s] -- Added test 'uncrustify' to check C / C++ code style
[4.013s] -- Configured uncrustify additional arguments: 
[4.014s] -- Added test 'xmllint' to check XML markup files
[4.022s] -- Configuring done
[4.090s] -- Generating done
[4.107s] -- Build files have been written to: /home/epriauto/ros2_ws/camera/zed-camera-wrapper/build/zed_components
[4.138s] Invoked command in '/home/epriauto/ros2_ws/camera/zed-camera-wrapper/build/zed_components' returned '0': CMAKE_PREFIX_PATH=/opt/ros/humble /usr/bin/cmake /home/epriauto/ros2_ws/camera/zed-camera-wrapper/src/zed-ros2-wrapper/zed_components -DCMAKE_BUILD_TYPE=Release -DAMENT_CMAKE_SYMLINK_INSTALL=1 -DCMAKE_INSTALL_PREFIX=/home/epriauto/ros2_ws/camera/zed-camera-wrapper/install/zed_components
[4.143s] Invoking command in '/home/epriauto/ros2_ws/camera/zed-camera-wrapper/build/zed_components': CMAKE_PREFIX_PATH=/opt/ros/humble /usr/bin/cmake --build /home/epriauto/ros2_ws/camera/zed-camera-wrapper/build/zed_components -- -j6 -l6
[4.242s] [ 20%] [32mBuilding CXX object CMakeFiles/zed_camera_component.dir/src/tools/src/sl_win_avg.cpp.o[0m
[4.242s] [ 20%] [32mBuilding CXX object CMakeFiles/zed_camera_one_component.dir/src/tools/src/sl_win_avg.cpp.o[0m
[4.245s] [ 50%] [32mBuilding CXX object CMakeFiles/zed_camera_component.dir/src/tools/src/gnss_replay.cpp.o[0m
[4.245s] [ 40%] [32mBuilding CXX object CMakeFiles/zed_camera_one_component.dir/src/tools/src/sl_tools.cpp.o[0m
[4.246s] [ 50%] [32mBuilding CXX object CMakeFiles/zed_camera_component.dir/src/tools/src/sl_tools.cpp.o[0m
[4.258s] [ 60%] [32mBuilding CXX object CMakeFiles/zed_camera_one_component.dir/src/tools/src/gnss_replay.cpp.o[0m
[5.246s] [ 70%] [32mBuilding CXX object CMakeFiles/zed_camera_one_component.dir/src/zed_camera/src/zed_camera_one_component.cpp.o[0m
[5.305s] [ 80%] [32mBuilding CXX object CMakeFiles/zed_camera_component.dir/src/zed_camera/src/zed_camera_component.cpp.o[0m
[17.859s] In file included from [01m[K/opt/ros/humble/include/rclcpp/rclcpp/logging.hpp:24[m[K,
[17.859s]                  from [01m[K/opt/ros/humble/include/rclcpp/rclcpp/client.hpp:40[m[K,
[17.860s]                  from [01m[K/opt/ros/humble/include/rclcpp/rclcpp/callback_group.hpp:24[m[K,
[17.860s]                  from [01m[K/opt/ros/humble/include/rclcpp/rclcpp/any_executable.hpp:20[m[K,
[17.860s]                  from [01m[K/opt/ros/humble/include/rclcpp/rclcpp/memory_strategy.hpp:25[m[K,
[17.860s]                  from [01m[K/opt/ros/humble/include/rclcpp/rclcpp/memory_strategies.hpp:18[m[K,
[17.860s]                  from [01m[K/opt/ros/humble/include/rclcpp/rclcpp/executor_options.hpp:20[m[K,
[17.860s]                  from [01m[K/opt/ros/humble/include/rclcpp/rclcpp/executor.hpp:37[m[K,
[17.860s]                  from [01m[K/opt/ros/humble/include/rclcpp/rclcpp/executors/multi_threaded_executor.hpp:25[m[K,
[17.860s]                  from [01m[K/opt/ros/humble/include/rclcpp/rclcpp/executors.hpp:21[m[K,
[17.860s]                  from [01m[K/opt/ros/humble/include/rclcpp/rclcpp/rclcpp.hpp:155[m[K,
[17.861s]                  from [01m[K/opt/ros/humble/include/tf2_ros/tf2_ros/buffer_interface.h:48[m[K,
[17.861s]                  from [01m[K/opt/ros/humble/include/tf2_ros/tf2_ros/buffer.h:42[m[K,
[17.861s]                  from [01m[K/home/epriauto/ros2_ws/camera/zed-camera-wrapper/src/zed-ros2-wrapper/zed_components/src/zed_camera/include/sl_types.hpp:18[m[K,
[17.861s]                  from [01m[K/home/epriauto/ros2_ws/camera/zed-camera-wrapper/src/zed-ros2-wrapper/zed_components/src/zed_camera/include/zed_camera_component.hpp:24[m[K,
[17.861s]                  from [01m[K/home/epriauto/ros2_ws/camera/zed-camera-wrapper/src/zed-ros2-wrapper/zed_components/src/zed_camera/src/zed_camera_component.cpp:15[m[K:
[17.861s] [01m[K/home/epriauto/ros2_ws/camera/zed-camera-wrapper/src/zed-ros2-wrapper/zed_components/src/zed_camera/src/zed_camera_component.cpp:[m[K In member function ‘[01m[Kbool stereolabs::ZedCamera::startCamera()[m[K’:
[17.861s] [01m[K/home/epriauto/ros2_ws/camera/zed-camera-wrapper/src/zed-ros2-wrapper/zed_components/src/zed_camera/src/zed_camera_component.cpp:4249:21:[m[K [01;35m[Kwarning: [m[Kformat ‘[01m[K%d[m[K’ expects argument of type ‘[01m[Kint[m[K’, but argument 5 has type ‘[01m[Ksize_t[m[K’ {aka ‘[01m[Klong unsigned int[m[K’} [[01;35m[K]8;;https://gcc.gnu.org/onlinedocs/gcc/Warning-Options.html#index-Wformat=-Wformat=]8;;[m[K]
[17.861s]  4249 |       get_logger(), [01;35m[K" * SVO resolution -> %dx%d"[m[K,
[17.861s]       |                     [01;35m[K^~~~~~~~~~~~~~~~~~~~~~~~~~~~[m[K
[17.861s]  4250 |       [32m[KmZed->getCameraInformation().camera_configuration.resolution.width[m[K,
[17.862s]       |       [32m[K~~~~~~~~~~~~~~~~~~~~~~~~~~~~~~~~~~~~~~~~~~~~~~~~~~~~~~~~~~~~~~~~~~[m[K
[17.862s]       |                                                                    [32m[K|[m[K
[17.862s]       |                                                                    [32m[Ksize_t {aka long unsigned int}[m[K
[17.862s] [01m[K/home/epriauto/ros2_ws/camera/zed-camera-wrapper/src/zed-ros2-wrapper/zed_components/src/zed_camera/src/zed_camera_component.cpp:4249:44:[m[K [01;36m[Knote: [m[Kformat string is defined here
[17.862s]  4249 |       get_logger(), " * SVO resolution -> [01;36m[K%d[m[Kx%d",
[17.862s]       |                                           [01;36m[K~^[m[K
[17.862s]       |                                            [01;36m[K|[m[K
[17.862s]       |                                            [01;36m[Kint[m[K
[17.862s]       |                                           [32m[K%ld[m[K
[17.862s] In file included from [01m[K/opt/ros/humble/include/rclcpp/rclcpp/logging.hpp:24[m[K,
[17.863s]                  from [01m[K/opt/ros/humble/include/rclcpp/rclcpp/client.hpp:40[m[K,
[17.863s]                  from [01m[K/opt/ros/humble/include/rclcpp/rclcpp/callback_group.hpp:24[m[K,
[17.863s]                  from [01m[K/opt/ros/humble/include/rclcpp/rclcpp/any_executable.hpp:20[m[K,
[17.863s]                  from [01m[K/opt/ros/humble/include/rclcpp/rclcpp/memory_strategy.hpp:25[m[K,
[17.863s]                  from [01m[K/opt/ros/humble/include/rclcpp/rclcpp/memory_strategies.hpp:18[m[K,
[17.863s]                  from [01m[K/opt/ros/humble/include/rclcpp/rclcpp/executor_options.hpp:20[m[K,
[17.863s]                  from [01m[K/opt/ros/humble/include/rclcpp/rclcpp/executor.hpp:37[m[K,
[17.863s]                  from [01m[K/opt/ros/humble/include/rclcpp/rclcpp/executors/multi_threaded_executor.hpp:25[m[K,
[17.863s]                  from [01m[K/opt/ros/humble/include/rclcpp/rclcpp/executors.hpp:21[m[K,
[17.863s]                  from [01m[K/opt/ros/humble/include/rclcpp/rclcpp/rclcpp.hpp:155[m[K,
[17.864s]                  from [01m[K/opt/ros/humble/include/tf2_ros/tf2_ros/buffer_interface.h:48[m[K,
[17.864s]                  from [01m[K/opt/ros/humble/include/tf2_ros/tf2_ros/buffer.h:42[m[K,
[17.864s]                  from [01m[K/home/epriauto/ros2_ws/camera/zed-camera-wrapper/src/zed-ros2-wrapper/zed_components/src/zed_camera/include/sl_types.hpp:18[m[K,
[17.864s]                  from [01m[K/home/epriauto/ros2_ws/camera/zed-camera-wrapper/src/zed-ros2-wrapper/zed_components/src/zed_camera/include/zed_camera_component.hpp:24[m[K,
[17.864s]                  from [01m[K/home/epriauto/ros2_ws/camera/zed-camera-wrapper/src/zed-ros2-wrapper/zed_components/src/zed_camera/src/zed_camera_component.cpp:15[m[K:
[17.864s] [01m[K/home/epriauto/ros2_ws/camera/zed-camera-wrapper/src/zed-ros2-wrapper/zed_components/src/zed_camera/src/zed_camera_component.cpp:4249:21:[m[K [01;35m[Kwarning: [m[Kformat ‘[01m[K%d[m[K’ expects argument of type ‘[01m[Kint[m[K’, but argument 6 has type ‘[01m[Ksize_t[m[K’ {aka ‘[01m[Klong unsigned int[m[K’} [[01;35m[K]8;;https://gcc.gnu.org/onlinedocs/gcc/Warning-Options.html#index-Wformat=-Wformat=]8;;[m[K]
[17.864s]  4249 |       get_logger(), [01;35m[K" * SVO resolution -> %dx%d"[m[K,
[17.864s]       |                     [01;35m[K^~~~~~~~~~~~~~~~~~~~~~~~~~~~[m[K
[17.864s]  4250 |       mZed->getCameraInformation().camera_configuration.resolution.width,
[17.864s]  4251 |       [32m[KmZed->getCameraInformation().camera_configuration.resolution.height[m[K);
[17.865s]       |       [32m[K~~~~~~~~~~~~~~~~~~~~~~~~~~~~~~~~~~~~~~~~~~~~~~~~~~~~~~~~~~~~~~~~~~~[m[K
[17.865s]       |                                                                    [32m[K|[m[K
[17.865s]       |                                                                    [32m[Ksize_t {aka long unsigned int}[m[K
[17.865s] [01m[K/home/epriauto/ros2_ws/camera/zed-camera-wrapper/src/zed-ros2-wrapper/zed_components/src/zed_camera/src/zed_camera_component.cpp:4249:47:[m[K [01;36m[Knote: [m[Kformat string is defined here
[17.865s]  4249 |       get_logger(), " * SVO resolution -> %dx[01;36m[K%d[m[K",
[17.865s]       |                                              [01;36m[K~^[m[K
[17.865s]       |                                               [01;36m[K|[m[K
[17.865s]       |                                               [01;36m[Kint[m[K
[17.865s]       |                                              [32m[K%ld[m[K
[51.528s] [ 90%] [32m[1mLinking CXX shared library libzed_camera_one_component.so[0m
[52.516s] [ 90%] Built target zed_camera_one_component
[169.846s] [100%] [32m[1mLinking CXX shared library libzed_camera_component.so[0m
[171.280s] [100%] Built target zed_camera_component
[171.321s] Invoked command in '/home/epriauto/ros2_ws/camera/zed-camera-wrapper/build/zed_components' returned '0': CMAKE_PREFIX_PATH=/opt/ros/humble /usr/bin/cmake --build /home/epriauto/ros2_ws/camera/zed-camera-wrapper/build/zed_components -- -j6 -l6
[171.359s] Invoking command in '/home/epriauto/ros2_ws/camera/zed-camera-wrapper/build/zed_components': CMAKE_PREFIX_PATH=/opt/ros/humble /usr/bin/cmake --install /home/epriauto/ros2_ws/camera/zed-camera-wrapper/build/zed_components
[171.377s] -- Install configuration: "Release"
[171.380s] -- Execute custom install script
[171.381s] -- Symlinking: /home/epriauto/ros2_ws/camera/zed-camera-wrapper/install/zed_components/lib/libzed_camera_component.so
[171.401s] -- Symlinking: /home/epriauto/ros2_ws/camera/zed-camera-wrapper/install/zed_components/lib/libzed_camera_one_component.so
[171.416s] -- Symlinking: /home/epriauto/ros2_ws/camera/zed-camera-wrapper/install/zed_components/include/zed_components//cost_traversability.hpp
[171.434s] -- Symlinking: /home/epriauto/ros2_ws/camera/zed-camera-wrapper/install/zed_components/include/zed_components//sl_types.hpp
[171.456s] -- Symlinking: /home/epriauto/ros2_ws/camera/zed-camera-wrapper/install/zed_components/include/zed_components//zed_camera_component.hpp
[171.477s] -- Symlinking: /home/epriauto/ros2_ws/camera/zed-camera-wrapper/install/zed_components/include/zed_components//zed_camera_one_component.hpp
[171.493s] -- Symlinking: /home/epriauto/ros2_ws/camera/zed-camera-wrapper/install/zed_components/include/zed_components//gnss_replay.hpp
[171.508s] -- Symlinking: /home/epriauto/ros2_ws/camera/zed-camera-wrapper/install/zed_components/include/zed_components//json.hpp
[171.523s] -- Symlinking: /home/epriauto/ros2_ws/camera/zed-camera-wrapper/install/zed_components/include/zed_components//sl_logging.hpp
[171.545s] -- Symlinking: /home/epriauto/ros2_ws/camera/zed-camera-wrapper/install/zed_components/include/zed_components//sl_tools.hpp
[171.564s] -- Symlinking: /home/epriauto/ros2_ws/camera/zed-camera-wrapper/install/zed_components/include/zed_components//sl_win_avg.hpp
[171.582s] -- Symlinking: /home/epriauto/ros2_ws/camera/zed-camera-wrapper/install/zed_components/include/zed_components//visibility_control.hpp
[171.601s] -- Symlinking: /home/epriauto/ros2_ws/camera/zed-camera-wrapper/install/zed_components/share/zed_components/environment/library_path.sh
[171.619s] -- Symlinking: /home/epriauto/ros2_ws/camera/zed-camera-wrapper/install/zed_components/share/zed_components/environment/library_path.dsv
[171.643s] -- Symlinking: /home/epriauto/ros2_ws/camera/zed-camera-wrapper/install/zed_components/share/ament_index/resource_index/package_run_dependencies/zed_components
[171.665s] -- Symlinking: /home/epriauto/ros2_ws/camera/zed-camera-wrapper/install/zed_components/share/ament_index/resource_index/parent_prefix_path/zed_components
[171.684s] -- Symlinking: /home/epriauto/ros2_ws/camera/zed-camera-wrapper/install/zed_components/share/zed_components/environment/ament_prefix_path.sh
[171.704s] -- Symlinking: /home/epriauto/ros2_ws/camera/zed-camera-wrapper/install/zed_components/share/zed_components/environment/ament_prefix_path.dsv
[171.721s] -- Symlinking: /home/epriauto/ros2_ws/camera/zed-camera-wrapper/install/zed_components/share/zed_components/environment/path.sh
[171.746s] -- Symlinking: /home/epriauto/ros2_ws/camera/zed-camera-wrapper/install/zed_components/share/zed_components/environment/path.dsv
[171.766s] -- Symlinking: /home/epriauto/ros2_ws/camera/zed-camera-wrapper/install/zed_components/share/zed_components/local_setup.bash
[171.784s] -- Symlinking: /home/epriauto/ros2_ws/camera/zed-camera-wrapper/install/zed_components/share/zed_components/local_setup.sh
[171.805s] -- Symlinking: /home/epriauto/ros2_ws/camera/zed-camera-wrapper/install/zed_components/share/zed_components/local_setup.zsh
[171.821s] -- Symlinking: /home/epriauto/ros2_ws/camera/zed-camera-wrapper/install/zed_components/share/zed_components/local_setup.dsv
[171.846s] -- Symlinking: /home/epriauto/ros2_ws/camera/zed-camera-wrapper/install/zed_components/share/zed_components/package.dsv
[171.867s] -- Symlinking: /home/epriauto/ros2_ws/camera/zed-camera-wrapper/install/zed_components/share/ament_index/resource_index/packages/zed_components
[171.885s] -- Symlinking: /home/epriauto/ros2_ws/camera/zed-camera-wrapper/install/zed_components/share/ament_index/resource_index/rclcpp_components/zed_components
[171.904s] -- Symlinking: /home/epriauto/ros2_ws/camera/zed-camera-wrapper/install/zed_components/share/zed_components/cmake/ament_cmake_export_include_directories-extras.cmake
[171.923s] -- Symlinking: /home/epriauto/ros2_ws/camera/zed-camera-wrapper/install/zed_components/share/zed_components/cmake/ament_cmake_export_libraries-extras.cmake
[171.945s] -- Symlinking: /home/epriauto/ros2_ws/camera/zed-camera-wrapper/install/zed_components/share/zed_components/cmake/ament_cmake_export_dependencies-extras.cmake
[171.967s] -- Symlinking: /home/epriauto/ros2_ws/camera/zed-camera-wrapper/install/zed_components/share/zed_components/cmake/zed_componentsConfig.cmake
[171.984s] -- Symlinking: /home/epriauto/ros2_ws/camera/zed-camera-wrapper/install/zed_components/share/zed_components/cmake/zed_componentsConfig-version.cmake
[172.003s] -- Symlinking: /home/epriauto/ros2_ws/camera/zed-camera-wrapper/install/zed_components/share/zed_components/package.xml
[172.031s] Invoked command in '/home/epriauto/ros2_ws/camera/zed-camera-wrapper/build/zed_components' returned '0': CMAKE_PREFIX_PATH=/opt/ros/humble /usr/bin/cmake --install /home/epriauto/ros2_ws/camera/zed-camera-wrapper/build/zed_components
