[0.015s] Invoking command in '/home/epriauto/ros2_ws/camera/zed-camera-wrapper/build/zed_ros2': AMENT_PREFIX_PATH=/home/epriauto/ros2_ws/camera/zed-camera-wrapper/install/zed_wrapper:/home/epriauto/ros2_ws/camera/zed-camera-wrapper/install/zed_components:${AMENT_PREFIX_PATH} CMAKE_PREFIX_PATH=/home/epriauto/ros2_ws/camera/zed-camera-wrapper/install/zed_wrapper:/home/epriauto/ros2_ws/camera/zed-camera-wrapper/install/zed_components:/opt/ros/humble LD_LIBRARY_PATH=/home/epriauto/ros2_ws/camera/zed-camera-wrapper/install/zed_components/lib:${LD_LIBRARY_PATH} /usr/bin/cmake --build /home/epriauto/ros2_ws/camera/zed-camera-wrapper/build/zed_ros2 -- -j6 -l6
[0.101s] Invoked command in '/home/epriauto/ros2_ws/camera/zed-camera-wrapper/build/zed_ros2' returned '0': AMENT_PREFIX_PATH=/home/epriauto/ros2_ws/camera/zed-camera-wrapper/install/zed_wrapper:/home/epriauto/ros2_ws/camera/zed-camera-wrapper/install/zed_components:${AMENT_PREFIX_PATH} CMAKE_PREFIX_PATH=/home/epriauto/ros2_ws/camera/zed-camera-wrapper/install/zed_wrapper:/home/epriauto/ros2_ws/camera/zed-camera-wrapper/install/zed_components:/opt/ros/humble LD_LIBRARY_PATH=/home/epriauto/ros2_ws/camera/zed-camera-wrapper/install/zed_components/lib:${LD_LIBRARY_PATH} /usr/bin/cmake --build /home/epriauto/ros2_ws/camera/zed-camera-wrapper/build/zed_ros2 -- -j6 -l6
[0.106s] Invoking command in '/home/epriauto/ros2_ws/camera/zed-camera-wrapper/build/zed_ros2': AMENT_PREFIX_PATH=/home/epriauto/ros2_ws/camera/zed-camera-wrapper/install/zed_wrapper:/home/epriauto/ros2_ws/camera/zed-camera-wrapper/install/zed_components:${AMENT_PREFIX_PATH} CMAKE_PREFIX_PATH=/home/epriauto/ros2_ws/camera/zed-camera-wrapper/install/zed_wrapper:/home/epriauto/ros2_ws/camera/zed-camera-wrapper/install/zed_components:/opt/ros/humble LD_LIBRARY_PATH=/home/epriauto/ros2_ws/camera/zed-camera-wrapper/install/zed_components/lib:${LD_LIBRARY_PATH} /usr/bin/cmake --install /home/epriauto/ros2_ws/camera/zed-camera-wrapper/build/zed_ros2
[0.119s] -- Install configuration: "Release"
[0.119s] -- Execute custom install script
[0.120s] -- Up-to-date symlink: /home/epriauto/ros2_ws/camera/zed-camera-wrapper/install/zed_ros2/share/ament_index/resource_index/package_run_dependencies/zed_ros2
[0.120s] -- Up-to-date symlink: /home/epriauto/ros2_ws/camera/zed-camera-wrapper/install/zed_ros2/share/ament_index/resource_index/parent_prefix_path/zed_ros2
[0.120s] -- Up-to-date symlink: /home/epriauto/ros2_ws/camera/zed-camera-wrapper/install/zed_ros2/share/zed_ros2/environment/ament_prefix_path.sh
[0.121s] -- Up-to-date symlink: /home/epriauto/ros2_ws/camera/zed-camera-wrapper/install/zed_ros2/share/zed_ros2/environment/ament_prefix_path.dsv
[0.121s] -- Up-to-date symlink: /home/epriauto/ros2_ws/camera/zed-camera-wrapper/install/zed_ros2/share/zed_ros2/environment/path.sh
[0.121s] -- Up-to-date symlink: /home/epriauto/ros2_ws/camera/zed-camera-wrapper/install/zed_ros2/share/zed_ros2/environment/path.dsv
[0.122s] -- Up-to-date symlink: /home/epriauto/ros2_ws/camera/zed-camera-wrapper/install/zed_ros2/share/zed_ros2/local_setup.bash
[0.122s] -- Up-to-date symlink: /home/epriauto/ros2_ws/camera/zed-camera-wrapper/install/zed_ros2/share/zed_ros2/local_setup.sh
[0.122s] -- Up-to-date symlink: /home/epriauto/ros2_ws/camera/zed-camera-wrapper/install/zed_ros2/share/zed_ros2/local_setup.zsh
[0.122s] -- Up-to-date symlink: /home/epriauto/ros2_ws/camera/zed-camera-wrapper/install/zed_ros2/share/zed_ros2/local_setup.dsv
[0.123s] -- Symlinking: /home/epriauto/ros2_ws/camera/zed-camera-wrapper/install/zed_ros2/share/zed_ros2/package.dsv
[0.142s] -- Up-to-date symlink: /home/epriauto/ros2_ws/camera/zed-camera-wrapper/install/zed_ros2/share/ament_index/resource_index/packages/zed_ros2
[0.142s] -- Up-to-date symlink: /home/epriauto/ros2_ws/camera/zed-camera-wrapper/install/zed_ros2/share/zed_ros2/cmake/zed_ros2Config.cmake
[0.143s] -- Up-to-date symlink: /home/epriauto/ros2_ws/camera/zed-camera-wrapper/install/zed_ros2/share/zed_ros2/cmake/zed_ros2Config-version.cmake
[0.143s] -- Up-to-date symlink: /home/epriauto/ros2_ws/camera/zed-camera-wrapper/install/zed_ros2/share/zed_ros2/package.xml
[0.149s] Invoked command in '/home/epriauto/ros2_ws/camera/zed-camera-wrapper/build/zed_ros2' returned '0': AMENT_PREFIX_PATH=/home/epriauto/ros2_ws/camera/zed-camera-wrapper/install/zed_wrapper:/home/epriauto/ros2_ws/camera/zed-camera-wrapper/install/zed_components:${AMENT_PREFIX_PATH} CMAKE_PREFIX_PATH=/home/epriauto/ros2_ws/camera/zed-camera-wrapper/install/zed_wrapper:/home/epriauto/ros2_ws/camera/zed-camera-wrapper/install/zed_components:/opt/ros/humble LD_LIBRARY_PATH=/home/epriauto/ros2_ws/camera/zed-camera-wrapper/install/zed_components/lib:${LD_LIBRARY_PATH} /usr/bin/cmake --install /home/epriauto/ros2_ws/camera/zed-camera-wrapper/build/zed_ros2
