[0.083s] Invoking command in '/home/epriauto/ros2_ws/camera/zed-camera-wrapper/build/zed_rgb_convert': CMAKE_PREFIX_PATH=/home/epriauto/ros2_ws/camera/zed-camera-wrapper/install/zed_components:/home/epriauto/ros2_ws/camera/zed-camera-wrapper/install/zed_ros2:/home/epriauto/ros2_ws/camera/zed-camera-wrapper/install/zed_wrapper:/opt/ros/humble /usr/bin/cmake /home/epriauto/ros2_ws/camera/zed-camera-wrapper/src/zed-ros2-examples/tutorials/zed_rgb_convert -DCMAKE_BUILD_TYPE=Release -DAMENT_CMAKE_SYMLINK_INSTALL=1 -DCMAKE_INSTALL_PREFIX=/home/epriauto/ros2_ws/camera/zed-camera-wrapper/install/zed_rgb_convert
[0.545s] -- The C compiler identification is GNU 11.4.0
[0.677s] -- The CXX compiler identification is GNU 11.4.0
[0.711s] -- Detecting C compiler ABI info
[0.941s] -- Detecting C compiler ABI info - done
[0.955s] -- Check for working C compiler: /usr/bin/cc - skipped
[0.958s] -- Detecting C compile features
[0.963s] -- Detecting C compile features - done
[0.974s] -- Detecting CXX compiler ABI info
[1.314s] -- Detecting CXX compiler ABI info - done
[1.346s] -- Check for working CXX compiler: /usr/bin/c++ - skipped
[1.346s] -- Detecting CXX compile features
[1.349s] -- Detecting CXX compile features - done
[1.386s] -- Found OpenCV: /usr (found version "4.8.0") 
[1.426s] -- Looking for sgemm_
[1.759s] -- Looking for sgemm_ - not found
[1.779s] -- Looking for pthread.h
[2.238s] -- Looking for pthread.h - found
[2.239s] -- Performing Test CMAKE_HAVE_LIBC_PTHREAD
[2.670s] -- Performing Test CMAKE_HAVE_LIBC_PTHREAD - Success
[2.672s] -- Found Threads: TRUE  
[2.961s] -- Looking for sgemm_
[3.618s] -- Looking for sgemm_ - found
[3.618s] -- Found BLAS: /usr/lib/aarch64-linux-gnu/libopenblas.so  
[3.812s] -- Found CUDA: /usr/local/cuda (found suitable version "12.6", minimum required is "12.6") 
[3.996s] -- Found CUDA: /usr/local/cuda (found version "12.6") 
[4.008s] -- Found ament_cmake_auto: 1.3.11 (/opt/ros/humble/share/ament_cmake_auto/cmake)
[4.597s] -- Found Python3: /usr/bin/python3 (found version "3.10.12") found components: Interpreter 
[4.999s] -- Override CMake install command with custom implementation using symlinks instead of copying resources
[5.557s] -- Found rosidl_generator_c: 3.1.6 (/opt/ros/humble/share/rosidl_generator_c/cmake)
[5.566s] -- Found rosidl_adapter: 3.1.6 (/opt/ros/humble/share/rosidl_adapter/cmake)
[5.582s] -- Found rosidl_generator_cpp: 3.1.6 (/opt/ros/humble/share/rosidl_generator_cpp/cmake)
[5.605s] -- Using all available rosidl_typesupport_c: rosidl_typesupport_fastrtps_c;rosidl_typesupport_introspection_c
[5.638s] -- Using all available rosidl_typesupport_cpp: rosidl_typesupport_fastrtps_cpp;rosidl_typesupport_introspection_cpp
[5.724s] -- Found rmw_implementation_cmake: 6.1.2 (/opt/ros/humble/share/rmw_implementation_cmake/cmake)
[5.729s] -- Found rmw_fastrtps_cpp: 6.2.7 (/opt/ros/humble/share/rmw_fastrtps_cpp/cmake)
[5.997s] -- Found OpenSSL: /usr/lib/aarch64-linux-gnu/libcrypto.so (found version "3.0.2")  
[6.087s] -- Found FastRTPS: /opt/ros/humble/include  
[6.178s] -- Using RMW implementation 'rmw_fastrtps_cpp' as default
[6.970s] -- Found eigen3_cmake_module: 0.1.1 (/opt/ros/humble/share/eigen3_cmake_module/cmake)
[6.971s] -- Found Eigen3: TRUE (found version "3.4.0") 
[6.971s] -- Ensuring Eigen3 include directory is part of orocos-kdl CMake target
[7.697s] -- Found ament_lint_auto: 0.12.11 (/opt/ros/humble/share/ament_lint_auto/cmake)
[7.951s] -- Added test 'copyright' to check source files copyright and LICENSE
[7.953s] -- Added test 'cppcheck' to perform static code analysis on C / C++ code
[7.954s] -- Configured cppcheck include dirs: /home/epriauto/ros2_ws/camera/zed-camera-wrapper/src/zed-ros2-examples/tutorials/zed_rgb_convert/src/include;/home/epriauto/ros2_ws/camera/zed-camera-wrapper/src/zed-ros2-examples/tutorials/zed_rgb_convert/src/component/include
[7.954s] -- Configured cppcheck exclude dirs and/or files: 
[7.961s] -- Added test 'cpplint' to check C / C++ code against the Google style
[7.961s] -- Configured cpplint exclude dirs and/or files: 
[7.961s] -- Added test 'flake8' to check Python code syntax and style conventions
[7.962s] -- Added test 'lint_cmake' to check CMake code style
[7.964s] -- Added test 'pep257' to check Python code against some of the docstring style conventions in PEP 257
[7.966s] -- Added test 'uncrustify' to check C / C++ code style
[7.966s] -- Configured uncrustify additional arguments: 
[7.967s] -- Added test 'xmllint' to check XML markup files
[7.969s] -- Added test 'clang_format' to check C / C++ code style
[7.992s] -- Configuring done
[8.136s] -- Generating done
[8.168s] -- Build files have been written to: /home/epriauto/ros2_ws/camera/zed-camera-wrapper/build/zed_rgb_convert
[8.242s] Invoked command in '/home/epriauto/ros2_ws/camera/zed-camera-wrapper/build/zed_rgb_convert' returned '0': CMAKE_PREFIX_PATH=/home/epriauto/ros2_ws/camera/zed-camera-wrapper/install/zed_components:/home/epriauto/ros2_ws/camera/zed-camera-wrapper/install/zed_ros2:/home/epriauto/ros2_ws/camera/zed-camera-wrapper/install/zed_wrapper:/opt/ros/humble /usr/bin/cmake /home/epriauto/ros2_ws/camera/zed-camera-wrapper/src/zed-ros2-examples/tutorials/zed_rgb_convert -DCMAKE_BUILD_TYPE=Release -DAMENT_CMAKE_SYMLINK_INSTALL=1 -DCMAKE_INSTALL_PREFIX=/home/epriauto/ros2_ws/camera/zed-camera-wrapper/install/zed_rgb_convert
[8.243s] Invoking command in '/home/epriauto/ros2_ws/camera/zed-camera-wrapper/build/zed_rgb_convert': CMAKE_PREFIX_PATH=/home/epriauto/ros2_ws/camera/zed-camera-wrapper/install/zed_components:/home/epriauto/ros2_ws/camera/zed-camera-wrapper/install/zed_ros2:/home/epriauto/ros2_ws/camera/zed-camera-wrapper/install/zed_wrapper:/opt/ros/humble /usr/bin/cmake --build /home/epriauto/ros2_ws/camera/zed-camera-wrapper/build/zed_rgb_convert -- -j6 -l6
[8.432s] [ 25%] [32mBuilding CXX object CMakeFiles/zed_rgb_convert_component.dir/src/component/src/zed_rgb_convert_component.cpp.o[0m
[24.148s] [ 50%] [32m[1mLinking CXX shared library libzed_rgb_convert_component.so[0m
[24.402s] [ 50%] Built target zed_rgb_convert_component
[24.442s] [ 75%] [32mBuilding CXX object CMakeFiles/zed_rgb_convert.dir/src/container/zed_rgb_convert.cpp.o[0m
[38.296s] [100%] [32m[1mLinking CXX executable zed_rgb_convert[0m
[39.074s] [100%] Built target zed_rgb_convert
[39.102s] Invoked command in '/home/epriauto/ros2_ws/camera/zed-camera-wrapper/build/zed_rgb_convert' returned '0': CMAKE_PREFIX_PATH=/home/epriauto/ros2_ws/camera/zed-camera-wrapper/install/zed_components:/home/epriauto/ros2_ws/camera/zed-camera-wrapper/install/zed_ros2:/home/epriauto/ros2_ws/camera/zed-camera-wrapper/install/zed_wrapper:/opt/ros/humble /usr/bin/cmake --build /home/epriauto/ros2_ws/camera/zed-camera-wrapper/build/zed_rgb_convert -- -j6 -l6
[39.107s] Invoking command in '/home/epriauto/ros2_ws/camera/zed-camera-wrapper/build/zed_rgb_convert': CMAKE_PREFIX_PATH=/home/epriauto/ros2_ws/camera/zed-camera-wrapper/install/zed_components:/home/epriauto/ros2_ws/camera/zed-camera-wrapper/install/zed_ros2:/home/epriauto/ros2_ws/camera/zed-camera-wrapper/install/zed_wrapper:/opt/ros/humble /usr/bin/cmake --install /home/epriauto/ros2_ws/camera/zed-camera-wrapper/build/zed_rgb_convert
[39.123s] -- Install configuration: "Release"
[39.124s] -- Execute custom install script
[39.125s] -- Symlinking: /home/epriauto/ros2_ws/camera/zed-camera-wrapper/install/zed_rgb_convert/lib/zed_rgb_convert/zed_rgb_convert
[39.146s] -- Symlinking: /home/epriauto/ros2_ws/camera/zed-camera-wrapper/install/zed_rgb_convert/lib/libzed_rgb_convert_component.so
[39.168s] -- Symlinking: /home/epriauto/ros2_ws/camera/zed-camera-wrapper/install/zed_rgb_convert/include/zed_rgb_convert//cvt_visibility_control.hpp
[39.192s] -- Symlinking: /home/epriauto/ros2_ws/camera/zed-camera-wrapper/install/zed_rgb_convert/share/zed_rgb_convert/launch/zed_rgb_convert.launch.py
[39.210s] -- Symlinking: /home/epriauto/ros2_ws/camera/zed-camera-wrapper/install/zed_rgb_convert/share/zed_rgb_convert/environment/library_path.sh
[39.236s] -- Symlinking: /home/epriauto/ros2_ws/camera/zed-camera-wrapper/install/zed_rgb_convert/share/zed_rgb_convert/environment/library_path.dsv
[39.268s] -- Symlinking: /home/epriauto/ros2_ws/camera/zed-camera-wrapper/install/zed_rgb_convert/share/ament_index/resource_index/package_run_dependencies/zed_rgb_convert
[39.289s] -- Symlinking: /home/epriauto/ros2_ws/camera/zed-camera-wrapper/install/zed_rgb_convert/share/ament_index/resource_index/parent_prefix_path/zed_rgb_convert
[39.321s] -- Symlinking: /home/epriauto/ros2_ws/camera/zed-camera-wrapper/install/zed_rgb_convert/share/zed_rgb_convert/environment/ament_prefix_path.sh
[39.342s] -- Symlinking: /home/epriauto/ros2_ws/camera/zed-camera-wrapper/install/zed_rgb_convert/share/zed_rgb_convert/environment/ament_prefix_path.dsv
[39.364s] -- Symlinking: /home/epriauto/ros2_ws/camera/zed-camera-wrapper/install/zed_rgb_convert/share/zed_rgb_convert/environment/path.sh
[39.385s] -- Symlinking: /home/epriauto/ros2_ws/camera/zed-camera-wrapper/install/zed_rgb_convert/share/zed_rgb_convert/environment/path.dsv
[39.403s] -- Symlinking: /home/epriauto/ros2_ws/camera/zed-camera-wrapper/install/zed_rgb_convert/share/zed_rgb_convert/local_setup.bash
[39.427s] -- Symlinking: /home/epriauto/ros2_ws/camera/zed-camera-wrapper/install/zed_rgb_convert/share/zed_rgb_convert/local_setup.sh
[39.455s] -- Symlinking: /home/epriauto/ros2_ws/camera/zed-camera-wrapper/install/zed_rgb_convert/share/zed_rgb_convert/local_setup.zsh
[39.473s] -- Symlinking: /home/epriauto/ros2_ws/camera/zed-camera-wrapper/install/zed_rgb_convert/share/zed_rgb_convert/local_setup.dsv
[39.492s] -- Symlinking: /home/epriauto/ros2_ws/camera/zed-camera-wrapper/install/zed_rgb_convert/share/zed_rgb_convert/package.dsv
[39.512s] -- Symlinking: /home/epriauto/ros2_ws/camera/zed-camera-wrapper/install/zed_rgb_convert/share/ament_index/resource_index/packages/zed_rgb_convert
[39.530s] -- Symlinking: /home/epriauto/ros2_ws/camera/zed-camera-wrapper/install/zed_rgb_convert/share/ament_index/resource_index/rclcpp_components/zed_rgb_convert
[39.550s] -- Symlinking: /home/epriauto/ros2_ws/camera/zed-camera-wrapper/install/zed_rgb_convert/share/zed_rgb_convert/cmake/ament_cmake_export_include_directories-extras.cmake
[39.568s] -- Symlinking: /home/epriauto/ros2_ws/camera/zed-camera-wrapper/install/zed_rgb_convert/share/zed_rgb_convert/cmake/ament_cmake_export_libraries-extras.cmake
[39.587s] -- Symlinking: /home/epriauto/ros2_ws/camera/zed-camera-wrapper/install/zed_rgb_convert/share/zed_rgb_convert/cmake/ament_cmake_export_dependencies-extras.cmake
[39.606s] -- Symlinking: /home/epriauto/ros2_ws/camera/zed-camera-wrapper/install/zed_rgb_convert/share/zed_rgb_convert/cmake/zed_rgb_convertConfig.cmake
[39.625s] -- Symlinking: /home/epriauto/ros2_ws/camera/zed-camera-wrapper/install/zed_rgb_convert/share/zed_rgb_convert/cmake/zed_rgb_convertConfig-version.cmake
[39.645s] -- Symlinking: /home/epriauto/ros2_ws/camera/zed-camera-wrapper/install/zed_rgb_convert/share/zed_rgb_convert/package.xml
[39.668s] Invoked command in '/home/epriauto/ros2_ws/camera/zed-camera-wrapper/build/zed_rgb_convert' returned '0': CMAKE_PREFIX_PATH=/home/epriauto/ros2_ws/camera/zed-camera-wrapper/install/zed_components:/home/epriauto/ros2_ws/camera/zed-camera-wrapper/install/zed_ros2:/home/epriauto/ros2_ws/camera/zed-camera-wrapper/install/zed_wrapper:/opt/ros/humble /usr/bin/cmake --install /home/epriauto/ros2_ws/camera/zed-camera-wrapper/build/zed_rgb_convert
