[0.104s] Invoking command in '/home/epriauto/ros2_ws/camera/zed-camera-wrapper/build/zed_depth_to_laserscan': CMAKE_PREFIX_PATH=/home/epriauto/ros2_ws/camera/zed-camera-wrapper/install/zed_wrapper:/home/epriauto/ros2_ws/camera/zed-camera-wrapper/install/zed_components:/home/epriauto/ros2_ws/camera/zed-camera-wrapper/install/zed_ros2:/opt/ros/humble /usr/bin/cmake /home/epriauto/ros2_ws/camera/zed-camera-wrapper/src/zed-ros2-examples/examples/zed_depth_to_laserscan -DCMAKE_BUILD_TYPE=Release -DAMENT_CMAKE_SYMLINK_INSTALL=1 -DCMAKE_INSTALL_PREFIX=/home/epriauto/ros2_ws/camera/zed-camera-wrapper/install/zed_depth_to_laserscan
[6.913s] -- The C compiler identification is GNU 11.4.0
[6.913s] -- The CXX compiler identification is GNU 11.4.0
[6.913s] -- Detecting C compiler ABI info
[6.913s] -- Detecting C compiler ABI info - done
[6.914s] -- Check for working C compiler: /usr/bin/cc - skipped
[6.914s] -- Detecting C compile features
[6.914s] -- Detecting C compile features - done
[6.914s] -- Detecting CXX compiler ABI info
[6.914s] -- Detecting CXX compiler ABI info - done
[6.914s] -- Check for working CXX compiler: /usr/bin/c++ - skipped
[6.914s] -- Detecting CXX compile features
[6.915s] -- Detecting CXX compile features - done
[6.915s] -- Found ament_cmake_auto: 1.3.11 (/opt/ros/humble/share/ament_cmake_auto/cmake)
[6.915s] -- Found Python3: /usr/bin/python3 (found version "3.10.12") found components: Interpreter 
[6.915s] -- Override CMake install command with custom implementation using symlinks instead of copying resources
[6.915s] -- Found rosidl_generator_c: 3.1.6 (/opt/ros/humble/share/rosidl_generator_c/cmake)
[6.915s] -- Found rosidl_adapter: 3.1.6 (/opt/ros/humble/share/rosidl_adapter/cmake)
[6.915s] -- Found rosidl_generator_cpp: 3.1.6 (/opt/ros/humble/share/rosidl_generator_cpp/cmake)
[6.915s] -- Using all available rosidl_typesupport_c: rosidl_typesupport_fastrtps_c;rosidl_typesupport_introspection_c
[6.915s] -- Using all available rosidl_typesupport_cpp: rosidl_typesupport_fastrtps_cpp;rosidl_typesupport_introspection_cpp
[6.916s] -- Found rmw_implementation_cmake: 6.1.2 (/opt/ros/humble/share/rmw_implementation_cmake/cmake)
[6.916s] -- Found rmw_fastrtps_cpp: 6.2.7 (/opt/ros/humble/share/rmw_fastrtps_cpp/cmake)
[6.916s] -- Found OpenSSL: /usr/lib/aarch64-linux-gnu/libcrypto.so (found version "3.0.2")  
[6.916s] -- Found FastRTPS: /opt/ros/humble/include  
[6.916s] -- Using RMW implementation 'rmw_fastrtps_cpp' as default
[6.916s] -- Looking for pthread.h
[6.916s] -- Looking for pthread.h - found
[6.916s] -- Performing Test CMAKE_HAVE_LIBC_PTHREAD
[6.916s] -- Performing Test CMAKE_HAVE_LIBC_PTHREAD - Success
[6.916s] -- Found Threads: TRUE  
[6.927s] -- Found eigen3_cmake_module: 0.1.1 (/opt/ros/humble/share/eigen3_cmake_module/cmake)
[6.928s] -- Found Eigen3: TRUE (found version "3.4.0") 
[6.928s] -- Ensuring Eigen3 include directory is part of orocos-kdl CMake target
[7.106s] -- Found zed_wrapper: 4.2.1 (/home/epriauto/ros2_ws/camera/zed-camera-wrapper/install/zed_wrapper/share/zed_wrapper/cmake)
[7.108s] -- Found ament_lint_auto: 0.12.11 (/opt/ros/humble/share/ament_lint_auto/cmake)
[7.267s] -- Added test 'copyright' to check source files copyright and LICENSE
[7.272s] -- Added test 'flake8' to check Python code syntax and style conventions
[7.278s] -- Added test 'lint_cmake' to check CMake code style
[7.279s] -- Added test 'pep257' to check Python code against some of the docstring style conventions in PEP 257
[7.286s] -- Added test 'xmllint' to check XML markup files
[7.309s] -- Configuring done
[7.353s] -- Generating done
[7.369s] -- Build files have been written to: /home/epriauto/ros2_ws/camera/zed-camera-wrapper/build/zed_depth_to_laserscan
[7.415s] Invoked command in '/home/epriauto/ros2_ws/camera/zed-camera-wrapper/build/zed_depth_to_laserscan' returned '0': CMAKE_PREFIX_PATH=/home/epriauto/ros2_ws/camera/zed-camera-wrapper/install/zed_wrapper:/home/epriauto/ros2_ws/camera/zed-camera-wrapper/install/zed_components:/home/epriauto/ros2_ws/camera/zed-camera-wrapper/install/zed_ros2:/opt/ros/humble /usr/bin/cmake /home/epriauto/ros2_ws/camera/zed-camera-wrapper/src/zed-ros2-examples/examples/zed_depth_to_laserscan -DCMAKE_BUILD_TYPE=Release -DAMENT_CMAKE_SYMLINK_INSTALL=1 -DCMAKE_INSTALL_PREFIX=/home/epriauto/ros2_ws/camera/zed-camera-wrapper/install/zed_depth_to_laserscan
[7.416s] Invoking command in '/home/epriauto/ros2_ws/camera/zed-camera-wrapper/build/zed_depth_to_laserscan': CMAKE_PREFIX_PATH=/home/epriauto/ros2_ws/camera/zed-camera-wrapper/install/zed_wrapper:/home/epriauto/ros2_ws/camera/zed-camera-wrapper/install/zed_components:/home/epriauto/ros2_ws/camera/zed-camera-wrapper/install/zed_ros2:/opt/ros/humble /usr/bin/cmake --build /home/epriauto/ros2_ws/camera/zed-camera-wrapper/build/zed_depth_to_laserscan -- -j6 -l6
[7.628s] Invoked command in '/home/epriauto/ros2_ws/camera/zed-camera-wrapper/build/zed_depth_to_laserscan' returned '0': CMAKE_PREFIX_PATH=/home/epriauto/ros2_ws/camera/zed-camera-wrapper/install/zed_wrapper:/home/epriauto/ros2_ws/camera/zed-camera-wrapper/install/zed_components:/home/epriauto/ros2_ws/camera/zed-camera-wrapper/install/zed_ros2:/opt/ros/humble /usr/bin/cmake --build /home/epriauto/ros2_ws/camera/zed-camera-wrapper/build/zed_depth_to_laserscan -- -j6 -l6
[7.632s] Invoking command in '/home/epriauto/ros2_ws/camera/zed-camera-wrapper/build/zed_depth_to_laserscan': CMAKE_PREFIX_PATH=/home/epriauto/ros2_ws/camera/zed-camera-wrapper/install/zed_wrapper:/home/epriauto/ros2_ws/camera/zed-camera-wrapper/install/zed_components:/home/epriauto/ros2_ws/camera/zed-camera-wrapper/install/zed_ros2:/opt/ros/humble /usr/bin/cmake --install /home/epriauto/ros2_ws/camera/zed-camera-wrapper/build/zed_depth_to_laserscan
[7.670s] -- Install configuration: "Release"
[7.670s] -- Execute custom install script
[7.670s] -- Symlinking: /home/epriauto/ros2_ws/camera/zed-camera-wrapper/install/zed_depth_to_laserscan/share/zed_depth_to_laserscan/launch/zed_depth_to_laserscan.launch.py
[7.671s] -- Symlinking: /home/epriauto/ros2_ws/camera/zed-camera-wrapper/install/zed_depth_to_laserscan/share/zed_depth_to_laserscan/config/zed_depth_to_laserscan.yaml
[7.685s] -- Symlinking: /home/epriauto/ros2_ws/camera/zed-camera-wrapper/install/zed_depth_to_laserscan/share/zed_depth_to_laserscan/rviz2/zed_depth_to_laserscan.rviz
[7.711s] -- Symlinking: /home/epriauto/ros2_ws/camera/zed-camera-wrapper/install/zed_depth_to_laserscan/share/ament_index/resource_index/package_run_dependencies/zed_depth_to_laserscan
[7.745s] -- Symlinking: /home/epriauto/ros2_ws/camera/zed-camera-wrapper/install/zed_depth_to_laserscan/share/ament_index/resource_index/parent_prefix_path/zed_depth_to_laserscan
[7.780s] -- Symlinking: /home/epriauto/ros2_ws/camera/zed-camera-wrapper/install/zed_depth_to_laserscan/share/zed_depth_to_laserscan/environment/ament_prefix_path.sh
[7.800s] -- Symlinking: /home/epriauto/ros2_ws/camera/zed-camera-wrapper/install/zed_depth_to_laserscan/share/zed_depth_to_laserscan/environment/ament_prefix_path.dsv
[7.830s] -- Symlinking: /home/epriauto/ros2_ws/camera/zed-camera-wrapper/install/zed_depth_to_laserscan/share/zed_depth_to_laserscan/environment/path.sh
[7.846s] -- Symlinking: /home/epriauto/ros2_ws/camera/zed-camera-wrapper/install/zed_depth_to_laserscan/share/zed_depth_to_laserscan/environment/path.dsv
[7.865s] -- Symlinking: /home/epriauto/ros2_ws/camera/zed-camera-wrapper/install/zed_depth_to_laserscan/share/zed_depth_to_laserscan/local_setup.bash
[7.883s] -- Symlinking: /home/epriauto/ros2_ws/camera/zed-camera-wrapper/install/zed_depth_to_laserscan/share/zed_depth_to_laserscan/local_setup.sh
[7.909s] -- Symlinking: /home/epriauto/ros2_ws/camera/zed-camera-wrapper/install/zed_depth_to_laserscan/share/zed_depth_to_laserscan/local_setup.zsh
[7.930s] -- Symlinking: /home/epriauto/ros2_ws/camera/zed-camera-wrapper/install/zed_depth_to_laserscan/share/zed_depth_to_laserscan/local_setup.dsv
[7.953s] -- Symlinking: /home/epriauto/ros2_ws/camera/zed-camera-wrapper/install/zed_depth_to_laserscan/share/zed_depth_to_laserscan/package.dsv
[7.990s] -- Symlinking: /home/epriauto/ros2_ws/camera/zed-camera-wrapper/install/zed_depth_to_laserscan/share/ament_index/resource_index/packages/zed_depth_to_laserscan
[8.031s] -- Symlinking: /home/epriauto/ros2_ws/camera/zed-camera-wrapper/install/zed_depth_to_laserscan/share/zed_depth_to_laserscan/cmake/zed_depth_to_laserscanConfig.cmake
[8.075s] -- Symlinking: /home/epriauto/ros2_ws/camera/zed-camera-wrapper/install/zed_depth_to_laserscan/share/zed_depth_to_laserscan/cmake/zed_depth_to_laserscanConfig-version.cmake
[8.120s] -- Symlinking: /home/epriauto/ros2_ws/camera/zed-camera-wrapper/install/zed_depth_to_laserscan/share/zed_depth_to_laserscan/package.xml
[8.166s] Invoked command in '/home/epriauto/ros2_ws/camera/zed-camera-wrapper/build/zed_depth_to_laserscan' returned '0': CMAKE_PREFIX_PATH=/home/epriauto/ros2_ws/camera/zed-camera-wrapper/install/zed_wrapper:/home/epriauto/ros2_ws/camera/zed-camera-wrapper/install/zed_components:/home/epriauto/ros2_ws/camera/zed-camera-wrapper/install/zed_ros2:/opt/ros/humble /usr/bin/cmake --install /home/epriauto/ros2_ws/camera/zed-camera-wrapper/build/zed_depth_to_laserscan
