[0.101s] Invoking command in '/home/epriauto/ros2_ws/camera/zed-camera-wrapper/build/zed_aruco_localization': CMAKE_PREFIX_PATH=/home/epriauto/ros2_ws/camera/zed-camera-wrapper/install/zed_components:/home/epriauto/ros2_ws/camera/zed-camera-wrapper/install/zed_ros2:/home/epriauto/ros2_ws/camera/zed-camera-wrapper/install/zed_wrapper:/opt/ros/humble /usr/bin/cmake /home/epriauto/ros2_ws/camera/zed-camera-wrapper/src/zed-ros2-examples/examples/zed_aruco_localization -DCMAKE_BUILD_TYPE=Release -DAMENT_CMAKE_SYMLINK_INSTALL=1 -DCMAKE_INSTALL_PREFIX=/home/epriauto/ros2_ws/camera/zed-camera-wrapper/install/zed_aruco_localization
[2.405s] -- The C compiler identification is GNU 11.4.0
[2.405s] -- The CXX compiler identification is GNU 11.4.0
[2.405s] -- Detecting C compiler ABI info
[2.406s] -- Detecting C compiler ABI info - done
[2.406s] -- Check for working C compiler: /usr/bin/cc - skipped
[2.406s] -- Detecting C compile features
[2.406s] -- Detecting C compile features - done
[2.406s] -- Detecting CXX compiler ABI info
[2.406s] -- Detecting CXX compiler ABI info - done
[2.406s] -- Check for working CXX compiler: /usr/bin/c++ - skipped
[2.406s] -- Detecting CXX compile features
[2.407s] -- Detecting CXX compile features - done
[2.407s] -- Found OpenCV: /usr (found suitable version "4.8.0", minimum required is "4") 
[2.407s] -- Looking for sgemm_
[2.654s] -- Looking for sgemm_ - not found
[2.667s] -- Looking for pthread.h
[2.994s] -- Looking for pthread.h - found
[2.995s] -- Performing Test CMAKE_HAVE_LIBC_PTHREAD
[3.338s] -- Performing Test CMAKE_HAVE_LIBC_PTHREAD - Success
[3.338s] -- Found Threads: TRUE  
[3.438s] -- Looking for sgemm_
[4.352s] -- Looking for sgemm_ - found
[4.352s] -- Found BLAS: /usr/lib/aarch64-linux-gnu/libopenblas.so  
[4.450s] -- Found CUDA: /usr/local/cuda (found suitable version "12.6", minimum required is "12.6") 
[4.562s] -- Found CUDA: /usr/local/cuda (found version "12.6") 
[4.566s] -- Found ament_cmake_auto: 1.3.11 (/opt/ros/humble/share/ament_cmake_auto/cmake)
[5.145s] -- Found Python3: /usr/bin/python3 (found version "3.10.12") found components: Interpreter 
[5.424s] -- Override CMake install command with custom implementation using symlinks instead of copying resources
[6.177s] -- Found rosidl_generator_c: 3.1.6 (/opt/ros/humble/share/rosidl_generator_c/cmake)
[6.190s] -- Found rosidl_adapter: 3.1.6 (/opt/ros/humble/share/rosidl_adapter/cmake)
[6.219s] -- Found rosidl_generator_cpp: 3.1.6 (/opt/ros/humble/share/rosidl_generator_cpp/cmake)
[6.271s] -- Using all available rosidl_typesupport_c: rosidl_typesupport_fastrtps_c;rosidl_typesupport_introspection_c
[6.378s] -- Using all available rosidl_typesupport_cpp: rosidl_typesupport_fastrtps_cpp;rosidl_typesupport_introspection_cpp
[6.581s] -- Found rmw_implementation_cmake: 6.1.2 (/opt/ros/humble/share/rmw_implementation_cmake/cmake)
[6.591s] -- Found rmw_fastrtps_cpp: 6.2.7 (/opt/ros/humble/share/rmw_fastrtps_cpp/cmake)
[7.297s] -- Found OpenSSL: /usr/lib/aarch64-linux-gnu/libcrypto.so (found version "3.0.2")  
[7.396s] -- Found FastRTPS: /opt/ros/humble/include  
[7.683s] -- Using RMW implementation 'rmw_fastrtps_cpp' as default
[9.072s] -- Found eigen3_cmake_module: 0.1.1 (/opt/ros/humble/share/eigen3_cmake_module/cmake)
[9.080s] -- Found Eigen3: TRUE (found version "3.4.0") 
[9.081s] -- Ensuring Eigen3 include directory is part of orocos-kdl CMake target
[9.829s] -- Found ament_lint_auto: 0.12.11 (/opt/ros/humble/share/ament_lint_auto/cmake)
[9.975s] -- Added test 'copyright' to check source files copyright and LICENSE
[9.986s] -- Added test 'cppcheck' to perform static code analysis on C / C++ code
[9.987s] -- Configured cppcheck include dirs: /home/epriauto/ros2_ws/camera/zed-camera-wrapper/src/zed-ros2-examples/examples/zed_aruco_localization/src/include;/home/epriauto/ros2_ws/camera/zed-camera-wrapper/src/zed-ros2-examples/examples/zed_aruco_localization/src/component/include
[9.987s] -- Configured cppcheck exclude dirs and/or files: 
[9.997s] -- Added test 'cpplint' to check C / C++ code against the Google style
[9.997s] -- Configured cpplint exclude dirs and/or files: 
[10.002s] -- Added test 'flake8' to check Python code syntax and style conventions
[10.004s] -- Added test 'lint_cmake' to check CMake code style
[10.005s] -- Added test 'pep257' to check Python code against some of the docstring style conventions in PEP 257
[10.013s] -- Added test 'uncrustify' to check C / C++ code style
[10.013s] -- Configured uncrustify additional arguments: 
[10.015s] -- Added test 'xmllint' to check XML markup files
[10.018s] -- Added test 'clang_format' to check C / C++ code style
[10.044s] -- Configuring done
[10.109s] -- Generating done
[10.132s] -- Build files have been written to: /home/epriauto/ros2_ws/camera/zed-camera-wrapper/build/zed_aruco_localization
[10.258s] Invoked command in '/home/epriauto/ros2_ws/camera/zed-camera-wrapper/build/zed_aruco_localization' returned '0': CMAKE_PREFIX_PATH=/home/epriauto/ros2_ws/camera/zed-camera-wrapper/install/zed_components:/home/epriauto/ros2_ws/camera/zed-camera-wrapper/install/zed_ros2:/home/epriauto/ros2_ws/camera/zed-camera-wrapper/install/zed_wrapper:/opt/ros/humble /usr/bin/cmake /home/epriauto/ros2_ws/camera/zed-camera-wrapper/src/zed-ros2-examples/examples/zed_aruco_localization -DCMAKE_BUILD_TYPE=Release -DAMENT_CMAKE_SYMLINK_INSTALL=1 -DCMAKE_INSTALL_PREFIX=/home/epriauto/ros2_ws/camera/zed-camera-wrapper/install/zed_aruco_localization
[10.260s] Invoking command in '/home/epriauto/ros2_ws/camera/zed-camera-wrapper/build/zed_aruco_localization': CMAKE_PREFIX_PATH=/home/epriauto/ros2_ws/camera/zed-camera-wrapper/install/zed_components:/home/epriauto/ros2_ws/camera/zed-camera-wrapper/install/zed_ros2:/home/epriauto/ros2_ws/camera/zed-camera-wrapper/install/zed_wrapper:/opt/ros/humble /usr/bin/cmake --build /home/epriauto/ros2_ws/camera/zed-camera-wrapper/build/zed_aruco_localization -- -j6 -l6
[30.660s] [ 33%] [32mBuilding CXX object CMakeFiles/zed_aruco_localization_component.dir/src/component/src/zed_aruco_localization_component.cpp.o[0m
[30.667s] [ 66%] [32mBuilding CXX object CMakeFiles/zed_aruco_localization_component.dir/src/component/src/aruco.cpp.o[0m
[50.210s] [100%] [32m[1mLinking CXX shared library libzed_aruco_localization_component.so[0m
[50.753s] [100%] Built target zed_aruco_localization_component
[50.776s] Invoked command in '/home/epriauto/ros2_ws/camera/zed-camera-wrapper/build/zed_aruco_localization' returned '0': CMAKE_PREFIX_PATH=/home/epriauto/ros2_ws/camera/zed-camera-wrapper/install/zed_components:/home/epriauto/ros2_ws/camera/zed-camera-wrapper/install/zed_ros2:/home/epriauto/ros2_ws/camera/zed-camera-wrapper/install/zed_wrapper:/opt/ros/humble /usr/bin/cmake --build /home/epriauto/ros2_ws/camera/zed-camera-wrapper/build/zed_aruco_localization -- -j6 -l6
[50.781s] Invoking command in '/home/epriauto/ros2_ws/camera/zed-camera-wrapper/build/zed_aruco_localization': CMAKE_PREFIX_PATH=/home/epriauto/ros2_ws/camera/zed-camera-wrapper/install/zed_components:/home/epriauto/ros2_ws/camera/zed-camera-wrapper/install/zed_ros2:/home/epriauto/ros2_ws/camera/zed-camera-wrapper/install/zed_wrapper:/opt/ros/humble /usr/bin/cmake --install /home/epriauto/ros2_ws/camera/zed-camera-wrapper/build/zed_aruco_localization
[50.817s] -- Install configuration: "Release"
[50.823s] -- Execute custom install script
[50.831s] -- Symlinking: /home/epriauto/ros2_ws/camera/zed-camera-wrapper/install/zed_aruco_localization/lib/libzed_aruco_localization_component.so
[50.877s] -- Symlinking: /home/epriauto/ros2_ws/camera/zed-camera-wrapper/install/zed_aruco_localization/include/zed_aruco_localization//aruco_loc_visibility_control.hpp
[50.895s] -- Symlinking: /home/epriauto/ros2_ws/camera/zed-camera-wrapper/install/zed_aruco_localization/include/zed_aruco_localization//aruco.hpp
[50.930s] -- Symlinking: /home/epriauto/ros2_ws/camera/zed-camera-wrapper/install/zed_aruco_localization/include/zed_aruco_localization//zed_aruco_localization_component.hpp
[50.952s] -- Symlinking: /home/epriauto/ros2_ws/camera/zed-camera-wrapper/install/zed_aruco_localization/share/zed_aruco_localization/launch/zed_aruco_loc.launch.py
[50.974s] -- Symlinking: /home/epriauto/ros2_ws/camera/zed-camera-wrapper/install/zed_aruco_localization/share/zed_aruco_localization/config/aruco_loc.yaml
[50.992s] -- Symlinking: /home/epriauto/ros2_ws/camera/zed-camera-wrapper/install/zed_aruco_localization/share/zed_aruco_localization/rviz2/aruco.rviz
[51.012s] -- Symlinking: /home/epriauto/ros2_ws/camera/zed-camera-wrapper/install/zed_aruco_localization/share/zed_aruco_localization/environment/library_path.sh
[51.060s] -- Symlinking: /home/epriauto/ros2_ws/camera/zed-camera-wrapper/install/zed_aruco_localization/share/zed_aruco_localization/environment/library_path.dsv
[51.079s] -- Symlinking: /home/epriauto/ros2_ws/camera/zed-camera-wrapper/install/zed_aruco_localization/share/ament_index/resource_index/package_run_dependencies/zed_aruco_localization
[51.111s] -- Symlinking: /home/epriauto/ros2_ws/camera/zed-camera-wrapper/install/zed_aruco_localization/share/ament_index/resource_index/parent_prefix_path/zed_aruco_localization
[51.130s] -- Symlinking: /home/epriauto/ros2_ws/camera/zed-camera-wrapper/install/zed_aruco_localization/share/zed_aruco_localization/environment/ament_prefix_path.sh
[51.171s] -- Symlinking: /home/epriauto/ros2_ws/camera/zed-camera-wrapper/install/zed_aruco_localization/share/zed_aruco_localization/environment/ament_prefix_path.dsv
[51.196s] -- Symlinking: /home/epriauto/ros2_ws/camera/zed-camera-wrapper/install/zed_aruco_localization/share/zed_aruco_localization/environment/path.sh
[51.215s] -- Symlinking: /home/epriauto/ros2_ws/camera/zed-camera-wrapper/install/zed_aruco_localization/share/zed_aruco_localization/environment/path.dsv
[51.236s] -- Symlinking: /home/epriauto/ros2_ws/camera/zed-camera-wrapper/install/zed_aruco_localization/share/zed_aruco_localization/local_setup.bash
[51.265s] -- Symlinking: /home/epriauto/ros2_ws/camera/zed-camera-wrapper/install/zed_aruco_localization/share/zed_aruco_localization/local_setup.sh
[51.284s] -- Symlinking: /home/epriauto/ros2_ws/camera/zed-camera-wrapper/install/zed_aruco_localization/share/zed_aruco_localization/local_setup.zsh
[51.302s] -- Symlinking: /home/epriauto/ros2_ws/camera/zed-camera-wrapper/install/zed_aruco_localization/share/zed_aruco_localization/local_setup.dsv
[51.321s] -- Symlinking: /home/epriauto/ros2_ws/camera/zed-camera-wrapper/install/zed_aruco_localization/share/zed_aruco_localization/package.dsv
[51.340s] -- Symlinking: /home/epriauto/ros2_ws/camera/zed-camera-wrapper/install/zed_aruco_localization/share/ament_index/resource_index/packages/zed_aruco_localization
[51.358s] -- Symlinking: /home/epriauto/ros2_ws/camera/zed-camera-wrapper/install/zed_aruco_localization/share/ament_index/resource_index/rclcpp_components/zed_aruco_localization
[51.377s] -- Symlinking: /home/epriauto/ros2_ws/camera/zed-camera-wrapper/install/zed_aruco_localization/share/zed_aruco_localization/cmake/ament_cmake_export_include_directories-extras.cmake
[51.396s] -- Symlinking: /home/epriauto/ros2_ws/camera/zed-camera-wrapper/install/zed_aruco_localization/share/zed_aruco_localization/cmake/ament_cmake_export_libraries-extras.cmake
[51.416s] -- Symlinking: /home/epriauto/ros2_ws/camera/zed-camera-wrapper/install/zed_aruco_localization/share/zed_aruco_localization/cmake/ament_cmake_export_dependencies-extras.cmake
[51.464s] -- Symlinking: /home/epriauto/ros2_ws/camera/zed-camera-wrapper/install/zed_aruco_localization/share/zed_aruco_localization/cmake/zed_aruco_localizationConfig.cmake
[51.516s] -- Symlinking: /home/epriauto/ros2_ws/camera/zed-camera-wrapper/install/zed_aruco_localization/share/zed_aruco_localization/cmake/zed_aruco_localizationConfig-version.cmake
[51.545s] -- Symlinking: /home/epriauto/ros2_ws/camera/zed-camera-wrapper/install/zed_aruco_localization/share/zed_aruco_localization/package.xml
[51.579s] Invoked command in '/home/epriauto/ros2_ws/camera/zed-camera-wrapper/build/zed_aruco_localization' returned '0': CMAKE_PREFIX_PATH=/home/epriauto/ros2_ws/camera/zed-camera-wrapper/install/zed_components:/home/epriauto/ros2_ws/camera/zed-camera-wrapper/install/zed_ros2:/home/epriauto/ros2_ws/camera/zed-camera-wrapper/install/zed_wrapper:/opt/ros/humble /usr/bin/cmake --install /home/epriauto/ros2_ws/camera/zed-camera-wrapper/build/zed_aruco_localization
